iter,epoch,batch,loss,accuracy
1,1,1,2.310413,0.148438
2,1,2,2.193534,0.484375
3,1,3,2.106777,0.578125
4,1,4,2.031570,0.515625
5,1,5,1.906217,0.585938
6,1,6,1.808821,0.625000
7,1,7,1.723373,0.625000
8,1,8,1.618911,0.656250
9,1,9,1.478895,0.679688
10,1,10,1.441396,0.695312
11,1,11,1.356033,0.757812
12,1,12,1.172666,0.835938
13,1,13,1.147432,0.773438
14,1,14,1.062474,0.765625
15,1,15,0.974016,0.835938
16,1,16,1.038350,0.765625
17,1,17,0.965926,0.734375
18,1,18,0.975142,0.734375
19,1,19,0.872356,0.750000
20,1,20,0.751597,0.851562
21,1,21,0.742997,0.828125
22,1,22,0.835303,0.781250
23,1,23,0.656377,0.851562
24,1,24,0.740216,0.835938
25,1,25,0.669362,0.812500
26,1,26,0.555910,0.898438
27,1,27,0.519728,0.882812
28,1,28,0.688440,0.804688
29,1,29,0.622077,0.812500
30,1,30,0.595568,0.859375
31,1,31,0.569973,0.851562
32,1,32,0.533525,0.851562
33,1,33,0.486577,0.820312
34,1,34,0.522515,0.851562
35,1,35,0.655559,0.820312
36,1,36,0.628104,0.789062
37,1,37,0.466080,0.851562
38,1,38,0.498155,0.851562
39,1,39,0.471490,0.859375
40,1,40,0.341876,0.906250
41,1,41,0.430113,0.867188
42,1,42,0.444382,0.851562
43,1,43,0.458756,0.882812
44,1,44,0.408563,0.890625
45,1,45,0.488463,0.843750
46,1,46,0.499086,0.859375
47,1,47,0.463421,0.843750
48,1,48,0.412798,0.882812
49,1,49,0.522896,0.843750
50,1,50,0.487771,0.843750
51,1,51,0.414331,0.851562
52,1,52,0.519333,0.804688
53,1,53,0.325094,0.890625
54,1,54,0.340434,0.898438
55,1,55,0.518555,0.875000
56,1,56,0.430748,0.851562
57,1,57,0.432684,0.859375
58,1,58,0.324364,0.890625
59,1,59,0.391086,0.890625
60,1,60,0.304603,0.898438
61,1,61,0.334137,0.945312
62,1,62,0.386532,0.851562
63,1,63,0.320143,0.898438
64,1,64,0.325512,0.914062
65,1,65,0.444155,0.843750
66,1,66,0.295208,0.914062
67,1,67,0.401001,0.867188
68,1,68,0.370639,0.890625
69,1,69,0.377284,0.875000
70,1,70,0.407719,0.890625
71,1,71,0.333215,0.929688
72,1,72,0.266696,0.898438
73,1,73,0.354331,0.882812
74,1,74,0.364388,0.914062
75,1,75,0.407621,0.843750
76,1,76,0.379394,0.906250
77,1,77,0.501924,0.867188
78,1,78,0.597842,0.835938
79,1,79,0.406582,0.929688
80,1,80,0.375798,0.890625
81,1,81,0.354288,0.890625
82,1,82,0.319460,0.914062
83,1,83,0.282825,0.890625
84,1,84,0.366567,0.882812
85,1,85,0.343078,0.906250
86,1,86,0.268312,0.921875
87,1,87,0.297594,0.914062
88,1,88,0.297444,0.921875
89,1,89,0.307916,0.914062
90,1,90,0.283773,0.937500
91,1,91,0.397969,0.882812
92,1,92,0.310158,0.898438
93,1,93,0.272361,0.929688
94,1,94,0.282097,0.898438
95,1,95,0.294947,0.914062
96,1,96,0.482950,0.843750
97,1,97,0.333584,0.921875
98,1,98,0.266510,0.914062
99,1,99,0.318296,0.914062
100,1,100,0.411834,0.867188
101,1,101,0.392731,0.898438
102,1,102,0.557926,0.882812
103,1,103,0.243566,0.906250
104,1,104,0.272524,0.914062
105,1,105,0.291908,0.906250
106,1,106,0.255253,0.921875
107,1,107,0.308856,0.945312
108,1,108,0.251555,0.921875
109,1,109,0.265913,0.929688
110,1,110,0.250368,0.937500
111,1,111,0.236970,0.929688
112,1,112,0.283272,0.906250
113,1,113,0.273515,0.929688
114,1,114,0.226331,0.945312
115,1,115,0.267985,0.929688
116,1,116,0.309729,0.882812
117,1,117,0.259232,0.929688
118,1,118,0.231087,0.945312
119,1,119,0.402193,0.906250
120,1,120,0.403647,0.890625
121,1,121,0.356726,0.906250
122,1,122,0.484743,0.843750
123,1,123,0.238977,0.929688
124,1,124,0.249599,0.929688
125,1,125,0.217202,0.929688
126,1,126,0.335238,0.914062
127,1,127,0.431582,0.859375
128,1,128,0.266230,0.953125
129,1,129,0.312945,0.921875
130,1,130,0.236006,0.906250
131,1,131,0.230418,0.921875
132,1,132,0.381265,0.890625
133,1,133,0.203423,0.937500
134,1,134,0.443331,0.875000
135,1,135,0.218021,0.953125
136,1,136,0.205450,0.937500
137,1,137,0.273527,0.906250
138,1,138,0.419200,0.851562
139,1,139,0.294684,0.937500
140,1,140,0.284180,0.937500
141,1,141,0.314421,0.945312
142,1,142,0.266769,0.921875
143,1,143,0.321131,0.898438
144,1,144,0.325174,0.906250
145,1,145,0.262546,0.921875
146,1,146,0.215746,0.937500
147,1,147,0.210014,0.929688
148,1,148,0.230833,0.945312
149,1,149,0.335437,0.906250
150,1,150,0.235500,0.921875
151,1,151,0.208009,0.937500
152,1,152,0.221928,0.945312
153,1,153,0.361113,0.906250
154,1,154,0.359105,0.906250
155,1,155,0.305948,0.867188
156,1,156,0.298409,0.906250
157,1,157,0.220478,0.929688
158,1,158,0.205945,0.945312
159,1,159,0.307348,0.890625
160,1,160,0.341250,0.906250
161,1,161,0.249811,0.945312
162,1,162,0.193067,0.953125
163,1,163,0.237063,0.906250
164,1,164,0.264943,0.929688
165,1,165,0.242631,0.921875
166,1,166,0.225736,0.906250
167,1,167,0.299561,0.929688
168,1,168,0.240903,0.914062
169,1,169,0.257265,0.937500
170,1,170,0.243227,0.937500
171,1,171,0.220702,0.937500
172,1,172,0.268932,0.898438
173,1,173,0.322366,0.906250
174,1,174,0.282477,0.890625
175,1,175,0.334775,0.914062
176,1,176,0.206437,0.921875
177,1,177,0.463950,0.898438
178,1,178,0.402945,0.890625
179,1,179,0.197945,0.960938
180,1,180,0.432894,0.890625
181,1,181,0.436571,0.906250
182,1,182,0.257102,0.914062
183,1,183,0.325018,0.890625
184,1,184,0.214044,0.929688
185,1,185,0.180996,0.953125
186,1,186,0.072110,0.992188
187,1,187,0.328171,0.882812
188,1,188,0.214602,0.921875
189,1,189,0.161568,0.960938
190,1,190,0.261764,0.937500
191,1,191,0.277080,0.875000
192,1,192,0.216253,0.945312
193,1,193,0.190626,0.937500
194,1,194,0.292340,0.914062
195,1,195,0.286072,0.937500
196,1,196,0.174226,0.953125
197,1,197,0.248677,0.945312
198,1,198,0.292725,0.898438
199,1,199,0.191222,0.953125
200,1,200,0.208031,0.929688
201,1,201,0.238353,0.929688
202,1,202,0.287753,0.882812
203,1,203,0.227779,0.937500
204,1,204,0.228723,0.921875
205,1,205,0.311804,0.914062
206,1,206,0.309099,0.906250
207,1,207,0.459095,0.867188
208,1,208,0.257791,0.937500
209,1,209,0.212680,0.929688
210,1,210,0.341256,0.906250
211,1,211,0.233280,0.921875
212,1,212,0.126456,0.968750
213,1,213,0.230693,0.929688
214,1,214,0.261170,0.921875
215,1,215,0.311931,0.906250
216,1,216,0.263023,0.929688
217,1,217,0.294633,0.914062
218,1,218,0.326607,0.882812
219,1,219,0.224477,0.929688
220,1,220,0.179294,0.945312
221,1,221,0.279051,0.929688
222,1,222,0.280476,0.937500
223,1,223,0.278166,0.890625
224,1,224,0.200181,0.960938
225,1,225,0.233795,0.921875
226,1,226,0.233081,0.921875
227,1,227,0.218245,0.937500
228,1,228,0.273807,0.929688
229,1,229,0.265956,0.921875
230,1,230,0.251848,0.937500
231,1,231,0.292811,0.929688
232,1,232,0.253042,0.929688
233,1,233,0.239383,0.921875
234,1,234,0.305899,0.914062
235,1,235,0.145044,0.968750
236,1,236,0.336241,0.921875
237,1,237,0.213974,0.945312
238,1,238,0.216600,0.945312
239,1,239,0.167796,0.953125
240,1,240,0.308356,0.945312
241,1,241,0.303738,0.906250
242,1,242,0.305362,0.937500
243,1,243,0.247449,0.929688
244,1,244,0.264412,0.945312
245,1,245,0.282193,0.906250
246,1,246,0.224601,0.960938
247,1,247,0.223778,0.929688
248,1,248,0.233854,0.929688
249,1,249,0.300775,0.898438
250,1,250,0.199266,0.937500
251,1,251,0.244837,0.914062
252,1,252,0.187950,0.953125
253,1,253,0.212061,0.921875
254,1,254,0.218526,0.929688
255,1,255,0.233236,0.921875
256,1,256,0.244541,0.906250
257,1,257,0.308129,0.890625
258,1,258,0.267756,0.921875
259,1,259,0.196791,0.945312
260,1,260,0.253047,0.937500
261,1,261,0.265994,0.937500
262,1,262,0.280517,0.937500
263,1,263,0.278932,0.898438
264,1,264,0.337915,0.914062
265,1,265,0.255316,0.921875
266,1,266,0.174156,0.945312
267,1,267,0.272264,0.914062
268,1,268,0.274085,0.906250
269,1,269,0.219187,0.937500
270,1,270,0.233196,0.898438
271,1,271,0.284797,0.929688
272,1,272,0.218261,0.945312
273,1,273,0.254348,0.914062
274,1,274,0.205595,0.945312
275,1,275,0.189696,0.945312
276,1,276,0.190742,0.953125
277,1,277,0.239586,0.945312
278,1,278,0.180206,0.968750
279,1,279,0.299748,0.921875
280,1,280,0.217767,0.945312
281,1,281,0.215572,0.937500
282,1,282,0.293478,0.906250
283,1,283,0.158214,0.976562
284,1,284,0.200493,0.945312
285,1,285,0.201402,0.929688
286,1,286,0.203536,0.953125
287,1,287,0.267656,0.929688
288,1,288,0.325954,0.929688
289,1,289,0.157109,0.945312
290,1,290,0.181485,0.945312
291,1,291,0.224000,0.945312
292,1,292,0.168345,0.960938
293,1,293,0.331354,0.898438
294,1,294,0.198246,0.945312
295,1,295,0.178591,0.968750
296,1,296,0.239889,0.929688
297,1,297,0.239862,0.914062
298,1,298,0.193275,0.960938
299,1,299,0.307924,0.882812
300,1,300,0.174628,0.945312
301,1,301,0.196860,0.953125
302,1,302,0.256291,0.929688
303,1,303,0.344991,0.921875
304,1,304,0.269394,0.929688
305,1,305,0.275581,0.921875
306,1,306,0.227165,0.953125
307,1,307,0.266795,0.906250
308,1,308,0.139816,0.968750
309,1,309,0.170184,0.945312
310,1,310,0.273899,0.898438
311,1,311,0.288849,0.929688
312,1,312,0.142535,0.960938
313,1,313,0.216982,0.953125
314,1,314,0.202368,0.921875
315,1,315,0.168275,0.953125
316,1,316,0.253160,0.898438
317,1,317,0.212513,0.945312
318,1,318,0.194345,0.953125
319,1,319,0.229963,0.937500
320,1,320,0.229042,0.968750
321,1,321,0.179485,0.937500
322,1,322,0.189169,0.945312
323,1,323,0.179602,0.937500
324,1,324,0.180306,0.968750
325,1,325,0.299377,0.921875
326,1,326,0.227526,0.937500
327,1,327,0.275169,0.906250
328,1,328,0.137514,0.960938
329,1,329,0.251878,0.906250
330,1,330,0.203798,0.976562
331,1,331,0.245650,0.937500
332,1,332,0.237213,0.953125
333,1,333,0.154665,0.953125
334,1,334,0.194833,0.929688
335,1,335,0.203943,0.929688
336,1,336,0.134583,0.968750
337,1,337,0.237721,0.914062
338,1,338,0.213696,0.937500
339,1,339,0.218845,0.929688
340,1,340,0.178047,0.945312
341,1,341,0.211270,0.921875
342,1,342,0.177961,0.953125
343,1,343,0.200018,0.960938
344,1,344,0.157240,0.953125
345,1,345,0.192844,0.945312
346,1,346,0.176440,0.921875
347,1,347,0.171600,0.945312
348,1,348,0.168112,0.945312
349,1,349,0.219317,0.929688
350,1,350,0.131597,0.960938
351,1,351,0.162136,0.945312
352,1,352,0.173348,0.937500
353,1,353,0.189108,0.945312
354,1,354,0.225310,0.937500
355,1,355,0.235835,0.945312
356,1,356,0.220372,0.921875
357,1,357,0.191538,0.945312
358,1,358,0.187123,0.945312
359,1,359,0.225000,0.953125
360,1,360,0.286388,0.898438
361,1,361,0.275568,0.945312
362,1,362,0.166012,0.937500
363,1,363,0.205715,0.945312
364,1,364,0.166259,0.960938
365,1,365,0.221379,0.937500
366,1,366,0.112169,0.960938
367,1,367,0.188937,0.937500
368,1,368,0.219208,0.945312
369,1,369,0.126977,0.968750
370,1,370,0.196683,0.929688
371,1,371,0.133455,0.960938
372,1,372,0.300635,0.914062
373,1,373,0.199155,0.945312
374,1,374,0.205392,0.929688
375,1,375,0.257956,0.914062
376,1,376,0.125089,0.960938
377,1,377,0.121423,0.968750
378,1,378,0.144803,0.960938
379,1,379,0.150531,0.953125
380,1,380,0.198890,0.914062
381,1,381,0.183924,0.953125
382,1,382,0.171460,0.960938
383,1,383,0.152288,0.937500
384,1,384,0.225665,0.945312
385,1,385,0.160196,0.953125
386,1,386,0.156020,0.945312
387,1,387,0.192102,0.914062
388,1,388,0.110286,0.976562
389,1,389,0.111470,0.945312
390,1,390,0.229610,0.937500
391,1,391,0.123870,0.968750
392,1,392,0.200693,0.929688
393,1,393,0.215184,0.945312
394,1,394,0.190506,0.929688
395,1,395,0.169448,0.937500
396,1,396,0.283827,0.921875
397,1,397,0.156287,0.937500
398,1,398,0.176855,0.976562
399,1,399,0.145411,0.960938
400,1,400,0.159639,0.937500
401,1,401,0.173506,0.945312
402,1,402,0.263862,0.890625
403,1,403,0.223838,0.921875
404,1,404,0.124912,0.945312
405,1,405,0.152815,0.960938
406,1,406,0.086459,0.984375
407,1,407,0.143919,0.945312
408,1,408,0.128024,0.968750
409,1,409,0.234687,0.929688
410,1,410,0.185016,0.921875
411,1,411,0.196805,0.960938
412,1,412,0.324741,0.906250
413,1,413,0.082885,0.984375
414,1,414,0.180096,0.937500
415,1,415,0.250693,0.929688
416,1,416,0.245212,0.914062
417,1,417,0.117451,0.976562
418,1,418,0.255963,0.914062
419,1,419,0.186258,0.960938
420,1,420,0.130911,0.960938
421,1,421,0.159028,0.953125
422,1,422,0.241777,0.921875
423,1,423,0.178620,0.945312
424,1,424,0.306813,0.914062
425,1,425,0.160252,0.960938
426,1,426,0.227716,0.945312
427,1,427,0.128275,0.960938
428,1,428,0.200701,0.953125
429,1,429,0.247045,0.937500
430,1,430,0.198751,0.937500
431,1,431,0.190200,0.960938
432,1,432,0.139508,0.960938
433,1,433,0.251409,0.937500
434,1,434,0.218185,0.921875
435,1,435,0.279881,0.921875
436,1,436,0.197134,0.945312
437,1,437,0.205135,0.929688
438,1,438,0.272328,0.890625
439,1,439,0.186071,0.937500
440,1,440,0.242000,0.937500
441,1,441,0.160607,0.968750
442,1,442,0.224444,0.937500
443,1,443,0.137663,0.937500
444,1,444,0.124302,0.953125
445,1,445,0.135865,0.953125
446,1,446,0.138553,0.976562
447,1,447,0.258442,0.937500
448,1,448,0.110388,0.960938
449,1,449,0.179182,0.953125
450,1,450,0.077356,0.976562
451,1,451,0.135473,0.960938
452,1,452,0.160195,0.953125
453,1,453,0.248152,0.945312
454,1,454,0.273120,0.906250
455,1,455,0.206106,0.929688
456,1,456,0.141628,0.968750
457,1,457,0.200840,0.921875
458,1,458,0.153694,0.960938
459,1,459,0.138198,0.953125
460,1,460,0.180340,0.960938
461,1,461,0.195797,0.960938
462,1,462,0.149169,0.976562
463,1,463,0.157697,0.945312
464,1,464,0.125321,0.968750
465,1,465,0.306850,0.929688
466,1,466,0.149336,0.960938
467,1,467,0.092270,0.968750
468,1,468,0.227237,0.937500
469,1,469,0.154630,0.958333
470,2,1,0.106971,0.968750
471,2,2,0.144839,0.968750
472,2,3,0.169625,0.953125
473,2,4,0.098147,0.984375
474,2,5,0.206112,0.945312
475,2,6,0.070361,0.984375
476,2,7,0.133856,0.968750
477,2,8,0.105268,0.976562
478,2,9,0.079838,0.976562
479,2,10,0.142302,0.945312
480,2,11,0.215217,0.945312
481,2,12,0.169537,0.953125
482,2,13,0.112541,0.968750
483,2,14,0.156800,0.960938
484,2,15,0.125963,0.960938
485,2,16,0.158109,0.937500
486,2,17,0.200691,0.960938
487,2,18,0.112790,0.968750
488,2,19,0.097040,0.968750
489,2,20,0.163294,0.937500
490,2,21,0.112515,0.968750
491,2,22,0.135471,0.945312
492,2,23,0.228458,0.945312
493,2,24,0.204217,0.929688
494,2,25,0.118743,0.953125
495,2,26,0.055519,0.984375
496,2,27,0.100874,0.976562
497,2,28,0.156378,0.953125
498,2,29,0.075500,0.984375
499,2,30,0.160629,0.960938
500,2,31,0.087855,0.960938
501,2,32,0.124917,0.960938
502,2,33,0.132125,0.976562
503,2,34,0.197683,0.929688
504,2,35,0.105273,0.976562
505,2,36,0.165999,0.953125
506,2,37,0.127304,0.968750
507,2,38,0.109549,0.968750
508,2,39,0.114480,0.945312
509,2,40,0.174245,0.960938
510,2,41,0.077583,0.976562
511,2,42,0.179548,0.953125
512,2,43,0.152845,0.945312
513,2,44,0.162107,0.945312
514,2,45,0.142203,0.960938
515,2,46,0.152326,0.960938
516,2,47,0.101550,0.984375
517,2,48,0.252886,0.937500
518,2,49,0.076738,0.976562
519,2,50,0.069189,0.984375
520,2,51,0.134244,0.960938
521,2,52,0.196048,0.953125
522,2,53,0.073747,0.984375
523,2,54,0.189510,0.921875
524,2,55,0.120495,0.968750
525,2,56,0.086139,0.968750
526,2,57,0.058878,0.984375
527,2,58,0.165932,0.960938
528,2,59,0.143114,0.968750
529,2,60,0.102654,0.968750
530,2,61,0.158056,0.945312
531,2,62,0.039933,0.992188
532,2,63,0.157520,0.945312
533,2,64,0.172805,0.968750
534,2,65,0.170045,0.945312
535,2,66,0.174884,0.945312
536,2,67,0.257040,0.929688
537,2,68,0.110668,0.968750
538,2,69,0.070911,0.992188
539,2,70,0.083167,0.976562
540,2,71,0.120640,0.976562
541,2,72,0.097331,0.968750
542,2,73,0.123137,0.960938
543,2,74,0.130994,0.960938
544,2,75,0.173921,0.953125
545,2,76,0.137165,0.976562
546,2,77,0.154946,0.953125
547,2,78,0.233551,0.945312
548,2,79,0.069857,0.976562
549,2,80,0.104109,0.968750
550,2,81,0.110897,0.960938
551,2,82,0.094011,0.976562
552,2,83,0.132178,0.953125
553,2,84,0.165663,0.945312
554,2,85,0.090004,0.976562
555,2,86,0.125882,0.953125
556,2,87,0.082085,0.976562
557,2,88,0.111090,0.968750
558,2,89,0.109323,0.968750
559,2,90,0.108399,0.968750
560,2,91,0.101781,0.976562
561,2,92,0.178065,0.960938
562,2,93,0.114000,0.968750
563,2,94,0.167848,0.968750
564,2,95,0.082780,0.984375
565,2,96,0.217280,0.960938
566,2,97,0.129702,0.976562
567,2,98,0.206800,0.937500
568,2,99,0.158718,0.960938
569,2,100,0.148342,0.960938
570,2,101,0.192667,0.937500
571,2,102,0.150366,0.960938
572,2,103,0.163901,0.953125
573,2,104,0.140639,0.953125
574,2,105,0.090888,0.960938
575,2,106,0.197019,0.953125
576,2,107,0.126375,0.960938
577,2,108,0.191704,0.937500
578,2,109,0.133479,0.976562
579,2,110,0.113848,0.960938
580,2,111,0.119047,0.953125
581,2,112,0.082144,0.984375
582,2,113,0.038976,1.000000
583,2,114,0.163256,0.945312
584,2,115,0.234060,0.945312
585,2,116,0.076509,0.968750
586,2,117,0.105619,0.953125
587,2,118,0.128751,0.953125
588,2,119,0.153507,0.945312
589,2,120,0.133170,0.960938
590,2,121,0.085134,0.992188
591,2,122,0.164575,0.953125
592,2,123,0.082493,0.976562
593,2,124,0.107087,0.953125
594,2,125,0.168517,0.945312
595,2,126,0.157239,0.960938
596,2,127,0.071420,0.976562
597,2,128,0.065009,0.984375
598,2,129,0.109460,0.984375
599,2,130,0.070314,0.976562
600,2,131,0.135253,0.960938
601,2,132,0.119380,0.976562
602,2,133,0.115971,0.984375
603,2,134,0.089355,0.976562
604,2,135,0.113962,0.976562
605,2,136,0.086350,0.968750
606,2,137,0.071615,0.984375
607,2,138,0.119017,0.945312
608,2,139,0.214341,0.937500
609,2,140,0.203892,0.953125
610,2,141,0.112137,0.984375
611,2,142,0.154581,0.929688
612,2,143,0.088985,0.992188
613,2,144,0.174258,0.960938
614,2,145,0.153257,0.960938
615,2,146,0.119775,0.968750
616,2,147,0.136489,0.968750
617,2,148,0.145182,0.976562
618,2,149,0.100150,0.953125
619,2,150,0.181920,0.945312
620,2,151,0.175974,0.968750
621,2,152,0.108690,0.968750
622,2,153,0.152815,0.968750
623,2,154,0.101015,0.960938
624,2,155,0.184664,0.937500
625,2,156,0.129696,0.976562
626,2,157,0.076703,0.968750
627,2,158,0.137552,0.960938
628,2,159,0.141716,0.960938
629,2,160,0.136781,0.953125
630,2,161,0.091745,0.984375
631,2,162,0.068533,0.992188
632,2,163,0.183524,0.929688
633,2,164,0.086696,0.968750
634,2,165,0.148126,0.960938
635,2,166,0.118168,0.960938
636,2,167,0.125734,0.960938
637,2,168,0.173476,0.945312
638,2,169,0.112293,0.968750
639,2,170,0.071375,0.992188
640,2,171,0.245109,0.914062
641,2,172,0.093462,0.960938
642,2,173,0.103281,0.976562
643,2,174,0.126345,0.929688
644,2,175,0.185063,0.929688
645,2,176,0.117219,0.960938
646,2,177,0.087708,0.976562
647,2,178,0.167007,0.945312
648,2,179,0.168113,0.953125
649,2,180,0.069804,0.984375
650,2,181,0.101556,0.960938
651,2,182,0.142439,0.968750
652,2,183,0.123099,0.953125
653,2,184,0.210986,0.937500
654,2,185,0.088831,0.976562
655,2,186,0.199203,0.921875
656,2,187,0.137930,0.953125
657,2,188,0.130812,0.953125
658,2,189,0.121389,0.953125
659,2,190,0.109947,0.945312
660,2,191,0.196544,0.929688
661,2,192,0.098999,0.968750
662,2,193,0.143793,0.945312
663,2,194,0.264133,0.929688
664,2,195,0.051006,0.992188
665,2,196,0.043727,0.976562
666,2,197,0.165430,0.945312
667,2,198,0.087146,0.953125
668,2,199,0.061542,1.000000
669,2,200,0.145285,0.960938
670,2,201,0.166100,0.929688
671,2,202,0.064031,0.984375
672,2,203,0.089027,0.976562
673,2,204,0.113271,0.976562
674,2,205,0.163439,0.960938
675,2,206,0.109207,0.968750
676,2,207,0.123782,0.960938
677,2,208,0.078949,0.976562
678,2,209,0.111464,0.960938
679,2,210,0.112743,0.960938
680,2,211,0.053409,0.976562
681,2,212,0.100785,0.968750
682,2,213,0.130084,0.953125
683,2,214,0.104878,0.976562
684,2,215,0.106465,0.960938
685,2,216,0.147816,0.945312
686,2,217,0.093844,0.968750
687,2,218,0.110734,0.976562
688,2,219,0.130245,0.945312
689,2,220,0.099201,0.968750
690,2,221,0.166627,0.937500
691,2,222,0.124512,0.953125
692,2,223,0.122400,0.960938
693,2,224,0.142721,0.953125
694,2,225,0.156714,0.929688
695,2,226,0.189834,0.953125
696,2,227,0.126558,0.960938
697,2,228,0.160206,0.945312
698,2,229,0.162478,0.953125
699,2,230,0.151872,0.953125
700,2,231,0.075972,0.984375
701,2,232,0.196454,0.945312
702,2,233,0.136063,0.945312
703,2,234,0.164876,0.945312
704,2,235,0.109009,0.968750
705,2,236,0.168923,0.945312
706,2,237,0.123328,0.960938
707,2,238,0.145401,0.953125
708,2,239,0.098234,0.968750
709,2,240,0.164212,0.953125
710,2,241,0.063145,0.984375
711,2,242,0.077322,0.984375
712,2,243,0.108985,0.960938
713,2,244,0.256506,0.937500
714,2,245,0.198629,0.953125
715,2,246,0.109914,0.968750
716,2,247,0.088124,0.968750
717,2,248,0.130472,0.960938
718,2,249,0.146380,0.968750
719,2,250,0.105508,0.968750
720,2,251,0.182629,0.953125
721,2,252,0.198416,0.929688
722,2,253,0.059960,0.992188
723,2,254,0.193553,0.921875
724,2,255,0.047043,0.992188
725,2,256,0.148916,0.945312
726,2,257,0.174159,0.937500
727,2,258,0.123375,0.976562
728,2,259,0.066843,1.000000
729,2,260,0.104830,0.984375
730,2,261,0.104596,0.968750
731,2,262,0.105546,0.976562
732,2,263,0.143543,0.929688
733,2,264,0.143064,0.960938
734,2,265,0.166000,0.960938
735,2,266,0.139569,0.976562
736,2,267,0.188560,0.953125
737,2,268,0.119889,0.953125
738,2,269,0.087009,0.976562
739,2,270,0.061647,0.976562
740,2,271,0.117599,0.960938
741,2,272,0.122141,0.960938
742,2,273,0.082920,0.968750
743,2,274,0.120943,0.968750
744,2,275,0.132792,0.937500
745,2,276,0.145997,0.960938
746,2,277,0.155260,0.937500
747,2,278,0.178938,0.960938
748,2,279,0.134893,0.960938
749,2,280,0.150994,0.960938
750,2,281,0.137096,0.960938
751,2,282,0.144654,0.960938
752,2,283,0.182044,0.953125
753,2,284,0.195832,0.906250
754,2,285,0.219157,0.929688
755,2,286,0.102176,0.968750
756,2,287,0.136007,0.968750
757,2,288,0.148916,0.968750
758,2,289,0.062967,0.992188
759,2,290,0.109546,0.968750
760,2,291,0.126503,0.976562
761,2,292,0.109249,0.953125
762,2,293,0.184396,0.937500
763,2,294,0.114166,0.984375
764,2,295,0.091388,0.968750
765,2,296,0.111552,0.960938
766,2,297,0.075369,0.984375
767,2,298,0.070489,0.960938
768,2,299,0.071732,0.984375
769,2,300,0.172258,0.945312
770,2,301,0.125048,0.968750
771,2,302,0.129901,0.960938
772,2,303,0.100173,0.968750
773,2,304,0.193459,0.937500
774,2,305,0.116389,0.945312
775,2,306,0.168307,0.945312
776,2,307,0.071321,0.984375
777,2,308,0.091506,0.976562
778,2,309,0.136144,0.945312
779,2,310,0.163766,0.953125
780,2,311,0.229167,0.921875
781,2,312,0.121512,0.968750
782,2,313,0.099931,0.960938
783,2,314,0.095805,0.968750
784,2,315,0.088460,0.968750
785,2,316,0.099139,0.953125
786,2,317,0.081519,0.968750
787,2,318,0.122140,0.960938
788,2,319,0.134719,0.960938
789,2,320,0.141243,0.945312
790,2,321,0.169712,0.953125
791,2,322,0.106482,0.976562
792,2,323,0.046335,0.992188
793,2,324,0.119225,0.984375
794,2,325,0.075128,0.976562
795,2,326,0.072908,0.984375
796,2,327,0.132407,0.960938
797,2,328,0.053116,0.992188
798,2,329,0.071552,0.968750
799,2,330,0.196460,0.937500
800,2,331,0.128905,0.960938
801,2,332,0.117600,0.960938
802,2,333,0.071278,0.984375
803,2,334,0.182401,0.968750
804,2,335,0.120044,0.953125
805,2,336,0.105769,0.968750
806,2,337,0.079741,0.968750
807,2,338,0.164692,0.945312
808,2,339,0.150583,0.960938
809,2,340,0.104465,0.976562
810,2,341,0.050746,0.992188
811,2,342,0.087740,0.976562
812,2,343,0.097815,0.976562
813,2,344,0.042025,1.000000
814,2,345,0.066301,0.976562
815,2,346,0.219200,0.953125
816,2,347,0.072403,0.984375
817,2,348,0.055232,0.984375
818,2,349,0.099087,0.976562
819,2,350,0.054417,0.984375
820,2,351,0.054945,0.992188
821,2,352,0.096763,0.976562
822,2,353,0.122062,0.960938
823,2,354,0.138730,0.945312
824,2,355,0.154417,0.960938
825,2,356,0.055326,0.976562
826,2,357,0.132373,0.960938
827,2,358,0.128613,0.937500
828,2,359,0.135723,0.953125
829,2,360,0.202612,0.945312
830,2,361,0.059232,0.992188
831,2,362,0.158157,0.960938
832,2,363,0.230119,0.953125
833,2,364,0.115231,0.960938
834,2,365,0.139962,0.968750
835,2,366,0.053212,0.992188
836,2,367,0.218499,0.929688
837,2,368,0.158554,0.945312
838,2,369,0.084871,0.968750
839,2,370,0.110831,0.984375
840,2,371,0.044747,0.984375
841,2,372,0.152064,0.937500
842,2,373,0.212378,0.953125
843,2,374,0.097767,0.984375
844,2,375,0.089261,0.953125
845,2,376,0.127975,0.953125
846,2,377,0.146084,0.968750
847,2,378,0.141985,0.921875
848,2,379,0.215110,0.945312
849,2,380,0.141177,0.960938
850,2,381,0.174314,0.937500
851,2,382,0.085259,0.984375
852,2,383,0.077034,0.968750
853,2,384,0.094549,0.968750
854,2,385,0.107704,0.960938
855,2,386,0.146986,0.968750
856,2,387,0.078850,0.984375
857,2,388,0.097089,0.968750
858,2,389,0.124963,0.984375
859,2,390,0.159221,0.960938
860,2,391,0.131541,0.968750
861,2,392,0.260312,0.945312
862,2,393,0.087406,0.968750
863,2,394,0.104352,0.968750
864,2,395,0.118351,0.960938
865,2,396,0.081469,0.976562
866,2,397,0.123307,0.960938
867,2,398,0.052245,0.992188
868,2,399,0.085849,0.984375
869,2,400,0.074495,0.976562
870,2,401,0.110876,0.968750
871,2,402,0.074470,0.976562
872,2,403,0.114002,0.960938
873,2,404,0.092094,0.960938
874,2,405,0.091337,0.968750
875,2,406,0.158229,0.968750
876,2,407,0.096777,0.960938
877,2,408,0.148839,0.945312
878,2,409,0.196607,0.937500
879,2,410,0.118545,0.976562
880,2,411,0.058372,0.984375
881,2,412,0.127797,0.953125
882,2,413,0.084996,0.984375
883,2,414,0.121628,0.968750
884,2,415,0.104184,0.968750
885,2,416,0.162425,0.960938
886,2,417,0.029046,1.000000
887,2,418,0.119825,0.953125
888,2,419,0.127711,0.960938
889,2,420,0.108100,0.953125
890,2,421,0.141960,0.968750
891,2,422,0.135427,0.960938
892,2,423,0.070090,0.976562
893,2,424,0.131464,0.960938
894,2,425,0.064284,0.968750
895,2,426,0.078601,0.976562
896,2,427,0.151789,0.953125
897,2,428,0.102462,0.976562
898,2,429,0.121414,0.960938
899,2,430,0.096418,0.960938
900,2,431,0.161968,0.937500
901,2,432,0.059948,0.984375
902,2,433,0.172313,0.937500
903,2,434,0.076592,0.960938
904,2,435,0.107244,0.960938
905,2,436,0.078253,0.968750
906,2,437,0.143231,0.960938
907,2,438,0.155340,0.953125
908,2,439,0.180918,0.929688
909,2,440,0.127372,0.953125
910,2,441,0.042799,0.992188
911,2,442,0.172880,0.945312
912,2,443,0.047025,0.992188
913,2,444,0.134310,0.960938
914,2,445,0.113827,0.953125
915,2,446,0.046531,0.992188
916,2,447,0.068500,0.976562
917,2,448,0.085691,0.968750
918,2,449,0.121987,0.960938
919,2,450,0.098422,0.968750
920,2,451,0.116574,0.960938
921,2,452,0.078711,0.984375
922,2,453,0.079196,0.984375
923,2,454,0.076543,0.984375
924,2,455,0.109543,0.968750
925,2,456,0.136031,0.960938
926,2,457,0.280956,0.898438
927,2,458,0.080853,0.960938
928,2,459,0.133091,0.968750
929,2,460,0.036770,0.992188
930,2,461,0.060188,0.984375
931,2,462,0.110048,0.945312
932,2,463,0.280967,0.945312
933,2,464,0.188339,0.937500
934,2,465,0.068908,0.968750
935,2,466,0.117777,0.960938
936,2,467,0.106859,0.953125
937,2,468,0.140245,0.953125
938,2,469,0.140641,0.937500
939,3,1,0.058001,0.984375
940,3,2,0.119380,0.960938
941,3,3,0.133152,0.953125
942,3,4,0.092894,0.953125
943,3,5,0.132850,0.968750
944,3,6,0.054504,0.984375
945,3,7,0.095090,0.992188
946,3,8,0.072496,0.984375
947,3,9,0.078298,0.984375
948,3,10,0.137261,0.960938
949,3,11,0.085474,0.976562
950,3,12,0.088498,0.960938
951,3,13,0.070596,0.968750
952,3,14,0.055322,0.992188
953,3,15,0.140050,0.960938
954,3,16,0.129410,0.953125
955,3,17,0.143540,0.953125
956,3,18,0.089004,0.984375
957,3,19,0.055032,0.984375
958,3,20,0.051882,0.984375
959,3,21,0.075872,0.992188
960,3,22,0.100194,0.960938
961,3,23,0.052928,0.976562
962,3,24,0.079062,0.984375
963,3,25,0.043677,0.992188
964,3,26,0.120335,0.960938
965,3,27,0.069579,0.968750
966,3,28,0.122327,0.976562
967,3,29,0.115240,0.968750
968,3,30,0.119751,0.976562
969,3,31,0.143572,0.968750
970,3,32,0.085105,0.976562
971,3,33,0.202070,0.937500
972,3,34,0.060566,0.976562
973,3,35,0.045228,0.984375
974,3,36,0.106803,0.976562
975,3,37,0.135138,0.960938
976,3,38,0.068536,0.984375
977,3,39,0.053233,0.984375
978,3,40,0.089553,0.960938
979,3,41,0.111202,0.992188
980,3,42,0.051553,0.992188
981,3,43,0.071681,0.984375
982,3,44,0.066605,0.976562
983,3,45,0.083697,0.984375
984,3,46,0.146687,0.953125
985,3,47,0.084039,0.992188
986,3,48,0.062318,0.976562
987,3,49,0.056250,0.984375
988,3,50,0.098250,0.960938
989,3,51,0.092056,0.976562
990,3,52,0.120178,0.953125
991,3,53,0.086611,0.968750
992,3,54,0.088763,0.984375
993,3,55,0.063386,0.976562
994,3,56,0.092932,0.960938
995,3,57,0.095754,0.984375
996,3,58,0.090977,0.976562
997,3,59,0.122071,0.960938
998,3,60,0.050289,0.992188
999,3,61,0.131590,0.960938
1000,3,62,0.129409,0.960938
1001,3,63,0.089702,0.968750
1002,3,64,0.114810,0.960938
1003,3,65,0.047877,0.992188
1004,3,66,0.023977,1.000000
1005,3,67,0.092084,0.984375
1006,3,68,0.068012,0.976562
1007,3,69,0.145171,0.960938
1008,3,70,0.089527,0.968750
1009,3,71,0.103199,0.960938
1010,3,72,0.051566,0.984375
1011,3,73,0.103699,0.984375
1012,3,74,0.100775,0.984375
1013,3,75,0.205212,0.929688
1014,3,76,0.067493,0.992188
1015,3,77,0.109074,0.960938
1016,3,78,0.043378,1.000000
1017,3,79,0.130922,0.945312
1018,3,80,0.059173,0.984375
1019,3,81,0.100297,0.968750
1020,3,82,0.055067,0.984375
1021,3,83,0.065365,0.984375
1022,3,84,0.079377,0.968750
1023,3,85,0.137535,0.960938
1024,3,86,0.110743,0.960938
1025,3,87,0.055428,1.000000
1026,3,88,0.110064,0.968750
1027,3,89,0.135087,0.945312
1028,3,90,0.148779,0.960938
1029,3,91,0.043051,0.992188
1030,3,92,0.118852,0.953125
1031,3,93,0.048360,0.992188
1032,3,94,0.151194,0.976562
1033,3,95,0.049584,0.992188
1034,3,96,0.143924,0.945312
1035,3,97,0.042849,0.992188
1036,3,98,0.091630,0.968750
1037,3,99,0.092179,0.960938
1038,3,100,0.055861,0.976562
1039,3,101,0.065393,0.992188
1040,3,102,0.055218,0.984375
1041,3,103,0.070549,0.992188
1042,3,104,0.073457,0.984375
1043,3,105,0.037628,0.992188
1044,3,106,0.057310,0.984375
1045,3,107,0.058753,0.992188
1046,3,108,0.079695,0.976562
1047,3,109,0.094578,0.968750
1048,3,110,0.089814,0.960938
1049,3,111,0.034973,0.992188
1050,3,112,0.087222,0.968750
1051,3,113,0.029853,1.000000
1052,3,114,0.135447,0.960938
1053,3,115,0.067218,0.984375
1054,3,116,0.025573,0.992188
1055,3,117,0.076847,0.984375
1056,3,118,0.090882,0.976562
1057,3,119,0.163302,0.937500
1058,3,120,0.083136,0.968750
1059,3,121,0.053604,0.984375
1060,3,122,0.053884,0.992188
1061,3,123,0.034110,0.992188
1062,3,124,0.065704,0.968750
1063,3,125,0.195537,0.960938
1064,3,126,0.110572,0.976562
1065,3,127,0.088511,0.968750
1066,3,128,0.177277,0.953125
1067,3,129,0.062946,0.992188
1068,3,130,0.068342,0.984375
1069,3,131,0.041586,1.000000
1070,3,132,0.080828,0.968750
1071,3,133,0.051300,0.992188
1072,3,134,0.058428,0.976562
1073,3,135,0.118452,0.960938
1074,3,136,0.194115,0.945312
1075,3,137,0.064787,0.992188
1076,3,138,0.109419,0.968750
1077,3,139,0.050680,0.992188
1078,3,140,0.115274,0.968750
1079,3,141,0.150739,0.976562
1080,3,142,0.058142,0.976562
1081,3,143,0.040856,0.992188
1082,3,144,0.078012,0.960938
1083,3,145,0.105362,0.968750
1084,3,146,0.066224,0.984375
1085,3,147,0.063548,0.976562
1086,3,148,0.080395,0.976562
1087,3,149,0.085275,0.976562
1088,3,150,0.091376,0.960938
1089,3,151,0.078561,0.968750
1090,3,152,0.046695,0.992188
1091,3,153,0.063154,0.976562
1092,3,154,0.055480,0.976562
1093,3,155,0.176650,0.953125
1094,3,156,0.042461,0.976562
1095,3,157,0.086991,0.968750
1096,3,158,0.050078,0.984375
1097,3,159,0.055688,0.968750
1098,3,160,0.078558,0.968750
1099,3,161,0.049959,0.992188
1100,3,162,0.156670,0.937500
1101,3,163,0.087169,0.968750
1102,3,164,0.071016,0.968750
1103,3,165,0.146734,0.984375
1104,3,166,0.091173,0.968750
1105,3,167,0.069883,0.968750
1106,3,168,0.119198,0.960938
1107,3,169,0.028062,0.992188
1108,3,170,0.094610,0.976562
1109,3,171,0.101703,0.960938
1110,3,172,0.100339,0.968750
1111,3,173,0.029498,1.000000
1112,3,174,0.106579,0.968750
1113,3,175,0.083444,0.968750
1114,3,176,0.144079,0.953125
1115,3,177,0.076189,0.984375
1116,3,178,0.061050,0.968750
1117,3,179,0.104959,0.976562
1118,3,180,0.140849,0.953125
1119,3,181,0.093364,0.976562
1120,3,182,0.064955,0.968750
1121,3,183,0.131303,0.968750
1122,3,184,0.040160,0.992188
1123,3,185,0.075749,0.984375
1124,3,186,0.072235,0.984375
1125,3,187,0.033282,1.000000
1126,3,188,0.051573,0.992188
1127,3,189,0.106115,0.953125
1128,3,190,0.046630,0.984375
1129,3,191,0.115406,0.976562
1130,3,192,0.042127,0.992188
1131,3,193,0.058617,0.984375
1132,3,194,0.047382,0.992188
1133,3,195,0.066208,0.968750
1134,3,196,0.035385,0.992188
1135,3,197,0.023127,1.000000
1136,3,198,0.055298,0.968750
1137,3,199,0.083243,0.976562
1138,3,200,0.049389,0.992188
1139,3,201,0.121815,0.960938
1140,3,202,0.030465,1.000000
1141,3,203,0.119677,0.953125
1142,3,204,0.072285,0.984375
1143,3,205,0.080219,0.984375
1144,3,206,0.162066,0.960938
1145,3,207,0.081464,0.976562
1146,3,208,0.090052,0.960938
1147,3,209,0.086925,0.968750
1148,3,210,0.146764,0.968750
1149,3,211,0.160046,0.968750
1150,3,212,0.046651,0.992188
1151,3,213,0.026254,0.992188
1152,3,214,0.043264,0.992188
1153,3,215,0.075103,0.984375
1154,3,216,0.068341,0.984375
1155,3,217,0.038907,0.984375
1156,3,218,0.044819,0.992188
1157,3,219,0.088585,0.984375
1158,3,220,0.070839,0.968750
1159,3,221,0.118204,0.968750
1160,3,222,0.075323,0.976562
1161,3,223,0.060321,0.984375
1162,3,224,0.155015,0.968750
1163,3,225,0.078408,0.976562
1164,3,226,0.115148,0.976562
1165,3,227,0.072918,0.976562
1166,3,228,0.083130,0.984375
1167,3,229,0.024654,0.992188
1168,3,230,0.045367,1.000000
1169,3,231,0.135523,0.976562
1170,3,232,0.036461,0.992188
1171,3,233,0.050425,0.984375
1172,3,234,0.048486,0.984375
1173,3,235,0.075996,0.992188
1174,3,236,0.041883,0.992188
1175,3,237,0.048611,0.984375
1176,3,238,0.114322,0.968750
1177,3,239,0.094567,0.968750
1178,3,240,0.059065,0.984375
1179,3,241,0.095053,0.968750
1180,3,242,0.032106,1.000000
1181,3,243,0.107107,0.968750
1182,3,244,0.139148,0.976562
1183,3,245,0.073593,0.984375
1184,3,246,0.117973,0.968750
1185,3,247,0.030812,1.000000
1186,3,248,0.132219,0.968750
1187,3,249,0.196976,0.968750
1188,3,250,0.022575,1.000000
1189,3,251,0.049666,0.992188
1190,3,252,0.076531,0.976562
1191,3,253,0.059826,0.976562
1192,3,254,0.144807,0.960938
1193,3,255,0.113514,0.960938
1194,3,256,0.068578,0.984375
1195,3,257,0.115120,0.960938
1196,3,258,0.091204,0.968750
1197,3,259,0.072224,0.976562
1198,3,260,0.071649,0.984375
1199,3,261,0.124671,0.968750
1200,3,262,0.081775,0.976562
1201,3,263,0.057899,0.984375
1202,3,264,0.084155,0.976562
1203,3,265,0.084792,0.968750
1204,3,266,0.064025,0.984375
1205,3,267,0.078160,0.976562
1206,3,268,0.047173,0.992188
1207,3,269,0.084521,0.968750
1208,3,270,0.055758,0.984375
1209,3,271,0.121707,0.976562
1210,3,272,0.053866,0.984375
1211,3,273,0.053514,0.976562
1212,3,274,0.027641,0.992188
1213,3,275,0.152414,0.953125
1214,3,276,0.173693,0.953125
1215,3,277,0.051150,0.984375
1216,3,278,0.029005,0.992188
1217,3,279,0.057570,0.984375
1218,3,280,0.038818,1.000000
1219,3,281,0.118363,0.960938
1220,3,282,0.088616,0.968750
1221,3,283,0.131527,0.953125
1222,3,284,0.100717,0.976562
1223,3,285,0.145062,0.960938
1224,3,286,0.046701,0.992188
1225,3,287,0.203931,0.953125
1226,3,288,0.048318,0.992188
1227,3,289,0.093149,0.968750
1228,3,290,0.105569,0.976562
1229,3,291,0.084052,0.968750
1230,3,292,0.086411,0.976562
1231,3,293,0.059725,0.992188
1232,3,294,0.078972,0.984375
1233,3,295,0.086787,0.976562
1234,3,296,0.063362,0.984375
1235,3,297,0.083931,0.984375
1236,3,298,0.083216,0.968750
1237,3,299,0.070198,0.968750
1238,3,300,0.080377,0.960938
1239,3,301,0.039493,1.000000
1240,3,302,0.066452,0.976562
1241,3,303,0.020013,1.000000
1242,3,304,0.066878,0.968750
1243,3,305,0.054036,0.984375
1244,3,306,0.042536,0.992188
1245,3,307,0.048509,0.984375
1246,3,308,0.085898,0.968750
1247,3,309,0.057060,0.976562
1248,3,310,0.092720,0.960938
1249,3,311,0.038123,0.992188
1250,3,312,0.069126,0.976562
1251,3,313,0.052483,0.992188
1252,3,314,0.139708,0.945312
1253,3,315,0.044606,0.984375
1254,3,316,0.057530,0.992188
1255,3,317,0.099030,0.968750
1256,3,318,0.099564,0.960938
1257,3,319,0.070557,0.984375
1258,3,320,0.029348,0.992188
1259,3,321,0.090951,0.976562
1260,3,322,0.053905,0.992188
1261,3,323,0.039273,0.984375
1262,3,324,0.074396,0.976562
1263,3,325,0.125091,0.976562
1264,3,326,0.092591,0.960938
1265,3,327,0.021863,1.000000
1266,3,328,0.105471,0.968750
1267,3,329,0.082008,0.976562
1268,3,330,0.096851,0.960938
1269,3,331,0.070353,0.968750
1270,3,332,0.128390,0.968750
1271,3,333,0.046489,0.984375
1272,3,334,0.038009,0.992188
1273,3,335,0.053984,0.984375
1274,3,336,0.042473,0.984375
1275,3,337,0.048853,0.992188
1276,3,338,0.216670,0.960938
1277,3,339,0.113140,0.976562
1278,3,340,0.077849,0.984375
1279,3,341,0.099180,0.976562
1280,3,342,0.089635,0.968750
1281,3,343,0.140984,0.945312
1282,3,344,0.108804,0.976562
1283,3,345,0.075152,0.968750
1284,3,346,0.084124,0.960938
1285,3,347,0.134928,0.945312
1286,3,348,0.054123,0.968750
1287,3,349,0.038374,0.984375
1288,3,350,0.031730,1.000000
1289,3,351,0.109550,0.968750
1290,3,352,0.100998,0.968750
1291,3,353,0.035400,0.992188
1292,3,354,0.114218,0.976562
1293,3,355,0.079822,0.976562
1294,3,356,0.090641,0.976562
1295,3,357,0.076109,0.968750
1296,3,358,0.099064,0.960938
1297,3,359,0.046046,0.984375
1298,3,360,0.143099,0.953125
1299,3,361,0.022396,1.000000
1300,3,362,0.075590,0.968750
1301,3,363,0.068979,0.976562
1302,3,364,0.042341,0.992188
1303,3,365,0.074676,0.968750
1304,3,366,0.092265,0.968750
1305,3,367,0.046068,0.992188
1306,3,368,0.042433,0.984375
1307,3,369,0.038584,0.984375
1308,3,370,0.035369,0.992188
1309,3,371,0.143002,0.976562
1310,3,372,0.098220,0.976562
1311,3,373,0.041549,0.984375
1312,3,374,0.044058,0.992188
1313,3,375,0.049579,0.984375
1314,3,376,0.093742,0.984375
1315,3,377,0.079351,0.968750
1316,3,378,0.046982,0.984375
1317,3,379,0.016540,1.000000
1318,3,380,0.120902,0.968750
1319,3,381,0.037527,0.984375
1320,3,382,0.035762,1.000000
1321,3,383,0.055288,0.984375
1322,3,384,0.088285,0.953125
1323,3,385,0.104380,0.984375
1324,3,386,0.069601,0.984375
1325,3,387,0.175844,0.953125
1326,3,388,0.045214,0.992188
1327,3,389,0.098933,0.968750
1328,3,390,0.086787,0.968750
1329,3,391,0.141827,0.945312
1330,3,392,0.091478,0.976562
1331,3,393,0.114782,0.968750
1332,3,394,0.078475,0.976562
1333,3,395,0.089339,0.976562
1334,3,396,0.034470,0.992188
1335,3,397,0.051037,0.992188
1336,3,398,0.062715,0.976562
1337,3,399,0.049218,0.976562
1338,3,400,0.063535,0.968750
1339,3,401,0.057016,0.992188
1340,3,402,0.073931,0.976562
1341,3,403,0.092362,0.960938
1342,3,404,0.063819,0.984375
1343,3,405,0.036774,0.992188
1344,3,406,0.066959,0.968750
1345,3,407,0.020184,1.000000
1346,3,408,0.052851,0.992188
1347,3,409,0.127406,0.968750
1348,3,410,0.026585,1.000000
1349,3,411,0.103800,0.968750
1350,3,412,0.071491,0.976562
1351,3,413,0.047482,0.992188
1352,3,414,0.200487,0.937500
1353,3,415,0.094117,0.968750
1354,3,416,0.083322,0.984375
1355,3,417,0.106707,0.953125
1356,3,418,0.032655,1.000000
1357,3,419,0.162938,0.953125
1358,3,420,0.088128,0.976562
1359,3,421,0.061581,0.976562
1360,3,422,0.062179,0.976562
1361,3,423,0.071398,0.960938
1362,3,424,0.056579,0.976562
1363,3,425,0.042630,0.984375
1364,3,426,0.126624,0.960938
1365,3,427,0.071328,0.992188
1366,3,428,0.107240,0.960938
1367,3,429,0.068583,0.976562
1368,3,430,0.123420,0.960938
1369,3,431,0.087594,0.968750
1370,3,432,0.078865,0.960938
1371,3,433,0.121406,0.953125
1372,3,434,0.061295,0.984375
1373,3,435,0.055882,0.992188
1374,3,436,0.041283,0.976562
1375,3,437,0.070310,0.984375
1376,3,438,0.046684,0.992188
1377,3,439,0.038363,0.992188
1378,3,440,0.036823,0.992188
1379,3,441,0.060129,0.984375
1380,3,442,0.055655,0.976562
1381,3,443,0.053811,0.984375
1382,3,444,0.041761,0.992188
1383,3,445,0.063157,0.992188
1384,3,446,0.091917,0.976562
1385,3,447,0.063810,0.976562
1386,3,448,0.091299,0.976562
1387,3,449,0.071537,0.976562
1388,3,450,0.067396,0.984375
1389,3,451,0.079910,0.984375
1390,3,452,0.124315,0.968750
1391,3,453,0.072724,0.976562
1392,3,454,0.037788,0.992188
1393,3,455,0.057007,0.984375
1394,3,456,0.093060,0.976562
1395,3,457,0.087823,0.992188
1396,3,458,0.103857,0.976562
1397,3,459,0.061013,0.976562
1398,3,460,0.032225,0.992188
1399,3,461,0.090223,0.984375
1400,3,462,0.065689,0.984375
1401,3,463,0.043678,0.992188
1402,3,464,0.053538,0.992188
1403,3,465,0.054245,0.992188
1404,3,466,0.080724,0.984375
1405,3,467,0.275426,0.960938
1406,3,468,0.040315,0.984375
1407,3,469,0.030221,0.989583
