iter,epoch,batch,loss,accuracy
1,1,1,2.311364,0.070312
2,1,2,2.226164,0.359375
3,1,3,2.129943,0.414062
4,1,4,1.989479,0.492188
5,1,5,1.971091,0.476562
6,1,6,1.787737,0.687500
7,1,7,1.727966,0.648438
8,1,8,1.613854,0.742188
9,1,9,1.547432,0.726562
10,1,10,1.340003,0.828125
11,1,11,1.385871,0.718750
12,1,12,1.330759,0.671875
13,1,13,1.161385,0.812500
14,1,14,1.123380,0.726562
15,1,15,1.057015,0.812500
16,1,16,1.092007,0.750000
17,1,17,0.925104,0.812500
18,1,18,0.955952,0.812500
19,1,19,0.776446,0.859375
20,1,20,0.941896,0.773438
21,1,21,0.772969,0.835938
22,1,22,0.755697,0.796875
23,1,23,0.735874,0.835938
24,1,24,0.631180,0.843750
25,1,25,0.642745,0.843750
26,1,26,0.580720,0.851562
27,1,27,0.711246,0.781250
28,1,28,0.663683,0.835938
29,1,29,0.635680,0.796875
30,1,30,0.601834,0.875000
31,1,31,0.357129,0.914062
32,1,32,0.453616,0.906250
33,1,33,0.574872,0.835938
34,1,34,0.448444,0.890625
35,1,35,0.450882,0.867188
36,1,36,0.467111,0.898438
37,1,37,0.495456,0.867188
38,1,38,0.374522,0.929688
39,1,39,0.391168,0.921875
40,1,40,0.418566,0.882812
41,1,41,0.445499,0.867188
42,1,42,0.533310,0.859375
43,1,43,0.721606,0.781250
44,1,44,0.361518,0.906250
45,1,45,0.400305,0.867188
46,1,46,0.457743,0.882812
47,1,47,0.513219,0.867188
48,1,48,0.405049,0.898438
49,1,49,0.395308,0.875000
50,1,50,0.350837,0.898438
51,1,51,0.497926,0.843750
52,1,52,0.641503,0.765625
53,1,53,0.368796,0.890625
54,1,54,0.439505,0.890625
55,1,55,0.328549,0.906250
56,1,56,0.445618,0.835938
57,1,57,0.341032,0.898438
58,1,58,0.311765,0.906250
59,1,59,0.364353,0.890625
60,1,60,0.607155,0.820312
61,1,61,0.423666,0.867188
62,1,62,0.462990,0.867188
63,1,63,0.530416,0.882812
64,1,64,0.478125,0.875000
65,1,65,0.429691,0.859375
66,1,66,0.336492,0.898438
67,1,67,0.339971,0.898438
68,1,68,0.376574,0.843750
69,1,69,0.359478,0.914062
70,1,70,0.349787,0.875000
71,1,71,0.280236,0.914062
72,1,72,0.364683,0.890625
73,1,73,0.362424,0.929688
74,1,74,0.428744,0.867188
75,1,75,0.454598,0.835938
76,1,76,0.312880,0.921875
77,1,77,0.527314,0.851562
78,1,78,0.441831,0.875000
79,1,79,0.488695,0.867188
80,1,80,0.253029,0.945312
81,1,81,0.371180,0.898438
82,1,82,0.244530,0.929688
83,1,83,0.408586,0.882812
84,1,84,0.428591,0.882812
85,1,85,0.373486,0.875000
86,1,86,0.332733,0.890625
87,1,87,0.349364,0.914062
88,1,88,0.342830,0.921875
89,1,89,0.389108,0.875000
90,1,90,0.322650,0.906250
91,1,91,0.232999,0.929688
92,1,92,0.250273,0.953125
93,1,93,0.409782,0.921875
94,1,94,0.258609,0.921875
95,1,95,0.449284,0.828125
96,1,96,0.295671,0.906250
97,1,97,0.208283,0.945312
98,1,98,0.429656,0.859375
99,1,99,0.238080,0.929688
100,1,100,0.479675,0.882812
101,1,101,0.381573,0.898438
102,1,102,0.260867,0.929688
103,1,103,0.256558,0.945312
104,1,104,0.355663,0.875000
105,1,105,0.358162,0.921875
106,1,106,0.309117,0.906250
107,1,107,0.423487,0.914062
108,1,108,0.276647,0.921875
109,1,109,0.321584,0.937500
110,1,110,0.291137,0.945312
111,1,111,0.380264,0.882812
112,1,112,0.295426,0.882812
113,1,113,0.465409,0.828125
114,1,114,0.361195,0.898438
115,1,115,0.297542,0.914062
116,1,116,0.296763,0.929688
117,1,117,0.321184,0.898438
118,1,118,0.356865,0.890625
119,1,119,0.378920,0.890625
120,1,120,0.298199,0.914062
121,1,121,0.272255,0.921875
122,1,122,0.236976,0.937500
123,1,123,0.341684,0.914062
124,1,124,0.262848,0.937500
125,1,125,0.354802,0.906250
126,1,126,0.292383,0.929688
127,1,127,0.304838,0.921875
128,1,128,0.239557,0.929688
129,1,129,0.296569,0.937500
130,1,130,0.222949,0.937500
131,1,131,0.348661,0.890625
132,1,132,0.238258,0.906250
133,1,133,0.193033,0.945312
134,1,134,0.242445,0.937500
135,1,135,0.308658,0.875000
136,1,136,0.209937,0.945312
137,1,137,0.246292,0.929688
138,1,138,0.330205,0.921875
139,1,139,0.215216,0.929688
140,1,140,0.311529,0.914062
141,1,141,0.353766,0.875000
142,1,142,0.217606,0.937500
143,1,143,0.231595,0.921875
144,1,144,0.294062,0.914062
145,1,145,0.231040,0.921875
146,1,146,0.374268,0.906250
147,1,147,0.345869,0.882812
148,1,148,0.295572,0.898438
149,1,149,0.290626,0.914062
150,1,150,0.221592,0.929688
151,1,151,0.408440,0.906250
152,1,152,0.231402,0.921875
153,1,153,0.170312,0.960938
154,1,154,0.286107,0.890625
155,1,155,0.303705,0.914062
156,1,156,0.319402,0.914062
157,1,157,0.272046,0.945312
158,1,158,0.302106,0.914062
159,1,159,0.242166,0.914062
160,1,160,0.255321,0.921875
161,1,161,0.263873,0.921875
162,1,162,0.313948,0.906250
163,1,163,0.269031,0.906250
164,1,164,0.282787,0.914062
165,1,165,0.356108,0.914062
166,1,166,0.381476,0.898438
167,1,167,0.210823,0.937500
168,1,168,0.335013,0.906250
169,1,169,0.182654,0.937500
170,1,170,0.316209,0.882812
171,1,171,0.257127,0.914062
172,1,172,0.390094,0.882812
173,1,173,0.411696,0.906250
174,1,174,0.233340,0.921875
175,1,175,0.214270,0.945312
176,1,176,0.227329,0.953125
177,1,177,0.224134,0.945312
178,1,178,0.167392,0.945312
179,1,179,0.243062,0.937500
180,1,180,0.210082,0.929688
181,1,181,0.251762,0.914062
182,1,182,0.296114,0.875000
183,1,183,0.332478,0.914062
184,1,184,0.196671,0.945312
185,1,185,0.375503,0.898438
186,1,186,0.249563,0.914062
187,1,187,0.225219,0.937500
188,1,188,0.194178,0.960938
189,1,189,0.216254,0.968750
190,1,190,0.211025,0.929688
191,1,191,0.221480,0.929688
192,1,192,0.270463,0.914062
193,1,193,0.218498,0.921875
194,1,194,0.126641,0.953125
195,1,195,0.365601,0.851562
196,1,196,0.286206,0.914062
197,1,197,0.223856,0.929688
198,1,198,0.177061,0.960938
199,1,199,0.331010,0.882812
200,1,200,0.263044,0.937500
201,1,201,0.173439,0.937500
202,1,202,0.293227,0.929688
203,1,203,0.245535,0.945312
204,1,204,0.214278,0.929688
205,1,205,0.149186,0.968750
206,1,206,0.257335,0.937500
207,1,207,0.287692,0.914062
208,1,208,0.230163,0.921875
209,1,209,0.300059,0.906250
210,1,210,0.263615,0.914062
211,1,211,0.308540,0.906250
212,1,212,0.375407,0.882812
213,1,213,0.286878,0.914062
214,1,214,0.207387,0.921875
215,1,215,0.191033,0.960938
216,1,216,0.128818,0.976562
217,1,217,0.367970,0.898438
218,1,218,0.379418,0.914062
219,1,219,0.141252,0.960938
220,1,220,0.385905,0.906250
221,1,221,0.245513,0.945312
222,1,222,0.369391,0.921875
223,1,223,0.270576,0.929688
224,1,224,0.271874,0.921875
225,1,225,0.253226,0.929688
226,1,226,0.324170,0.914062
227,1,227,0.270797,0.945312
228,1,228,0.414679,0.867188
229,1,229,0.156175,0.960938
230,1,230,0.171998,0.937500
231,1,231,0.319159,0.937500
232,1,232,0.176410,0.953125
233,1,233,0.309652,0.921875
234,1,234,0.248192,0.968750
235,1,235,0.347442,0.898438
236,1,236,0.269949,0.953125
237,1,237,0.176200,0.937500
238,1,238,0.236543,0.921875
239,1,239,0.193671,0.953125
240,1,240,0.168377,0.937500
241,1,241,0.239263,0.953125
242,1,242,0.242200,0.945312
243,1,243,0.236905,0.937500
244,1,244,0.127688,0.960938
245,1,245,0.265281,0.890625
246,1,246,0.341822,0.937500
247,1,247,0.307411,0.906250
248,1,248,0.247044,0.929688
249,1,249,0.152949,0.953125
250,1,250,0.252547,0.937500
251,1,251,0.239077,0.914062
252,1,252,0.301025,0.914062
253,1,253,0.188097,0.929688
254,1,254,0.222657,0.921875
255,1,255,0.209478,0.953125
256,1,256,0.201303,0.914062
257,1,257,0.345203,0.914062
258,1,258,0.178978,0.953125
259,1,259,0.169575,0.945312
260,1,260,0.186276,0.937500
261,1,261,0.218453,0.929688
262,1,262,0.282737,0.921875
263,1,263,0.286484,0.914062
264,1,264,0.224933,0.929688
265,1,265,0.233874,0.937500
266,1,266,0.187637,0.929688
267,1,267,0.290042,0.914062
268,1,268,0.286294,0.953125
269,1,269,0.205211,0.945312
270,1,270,0.237035,0.953125
271,1,271,0.182893,0.953125
272,1,272,0.209288,0.937500
273,1,273,0.177976,0.945312
274,1,274,0.171947,0.945312
275,1,275,0.253316,0.929688
276,1,276,0.273615,0.937500
277,1,277,0.315249,0.898438
278,1,278,0.334368,0.898438
279,1,279,0.255956,0.906250
280,1,280,0.108500,0.968750
281,1,281,0.282945,0.890625
282,1,282,0.214836,0.929688
283,1,283,0.167288,0.953125
284,1,284,0.350377,0.914062
285,1,285,0.221367,0.929688
286,1,286,0.293749,0.906250
287,1,287,0.257394,0.937500
288,1,288,0.246375,0.921875
289,1,289,0.234088,0.929688
290,1,290,0.358786,0.929688
291,1,291,0.262745,0.929688
292,1,292,0.168647,0.953125
293,1,293,0.213662,0.945312
294,1,294,0.134866,0.992188
295,1,295,0.195846,0.953125
296,1,296,0.192172,0.937500
297,1,297,0.208679,0.953125
298,1,298,0.229921,0.921875
299,1,299,0.178718,0.953125
300,1,300,0.214270,0.953125
301,1,301,0.187007,0.953125
302,1,302,0.271715,0.929688
303,1,303,0.212968,0.937500
304,1,304,0.252187,0.914062
305,1,305,0.131666,0.945312
306,1,306,0.257323,0.945312
307,1,307,0.226949,0.929688
308,1,308,0.203427,0.937500
309,1,309,0.229019,0.945312
310,1,310,0.306140,0.906250
311,1,311,0.161281,0.953125
312,1,312,0.201642,0.929688
313,1,313,0.252886,0.929688
314,1,314,0.161154,0.953125
315,1,315,0.163575,0.945312
316,1,316,0.181545,0.953125
317,1,317,0.191403,0.953125
318,1,318,0.118301,0.976562
319,1,319,0.164326,0.953125
320,1,320,0.134198,0.976562
321,1,321,0.363549,0.898438
322,1,322,0.227070,0.953125
323,1,323,0.213157,0.945312
324,1,324,0.263203,0.921875
325,1,325,0.182001,0.960938
326,1,326,0.211957,0.945312
327,1,327,0.215213,0.960938
328,1,328,0.154810,0.953125
329,1,329,0.299568,0.921875
330,1,330,0.155272,0.953125
331,1,331,0.147807,0.953125
332,1,332,0.198289,0.937500
333,1,333,0.197066,0.945312
334,1,334,0.223090,0.953125
335,1,335,0.155737,0.945312
336,1,336,0.221216,0.921875
337,1,337,0.231373,0.914062
338,1,338,0.121101,0.976562
339,1,339,0.284964,0.898438
340,1,340,0.226846,0.937500
341,1,341,0.122262,0.953125
342,1,342,0.382576,0.882812
343,1,343,0.141100,0.953125
344,1,344,0.229377,0.921875
345,1,345,0.183679,0.929688
346,1,346,0.138762,0.953125
347,1,347,0.260970,0.921875
348,1,348,0.243510,0.906250
349,1,349,0.187416,0.960938
350,1,350,0.138522,0.960938
351,1,351,0.197304,0.945312
352,1,352,0.245437,0.929688
353,1,353,0.209488,0.929688
354,1,354,0.154574,0.968750
355,1,355,0.134601,0.960938
356,1,356,0.139481,0.953125
357,1,357,0.217202,0.937500
358,1,358,0.161161,0.968750
359,1,359,0.212720,0.945312
360,1,360,0.261827,0.898438
361,1,361,0.196926,0.953125
362,1,362,0.179961,0.953125
363,1,363,0.274387,0.921875
364,1,364,0.144534,0.953125
365,1,365,0.188590,0.953125
366,1,366,0.266047,0.937500
367,1,367,0.239108,0.945312
368,1,368,0.157162,0.945312
369,1,369,0.195056,0.945312
370,1,370,0.125674,0.968750
371,1,371,0.169110,0.929688
372,1,372,0.215342,0.937500
373,1,373,0.166751,0.953125
374,1,374,0.123606,0.960938
375,1,375,0.168810,0.953125
376,1,376,0.161337,0.953125
377,1,377,0.155427,0.968750
378,1,378,0.122609,0.968750
379,1,379,0.264854,0.929688
380,1,380,0.144516,0.953125
381,1,381,0.175319,0.953125
382,1,382,0.168065,0.937500
383,1,383,0.221825,0.929688
384,1,384,0.126864,0.968750
385,1,385,0.137671,0.937500
386,1,386,0.124325,0.953125
387,1,387,0.198335,0.953125
388,1,388,0.201843,0.929688
389,1,389,0.216834,0.945312
390,1,390,0.139541,0.960938
391,1,391,0.300800,0.875000
392,1,392,0.130165,0.960938
393,1,393,0.166724,0.953125
394,1,394,0.242485,0.921875
395,1,395,0.082497,0.984375
396,1,396,0.136874,0.968750
397,1,397,0.159042,0.945312
398,1,398,0.144489,0.968750
399,1,399,0.088712,0.984375
400,1,400,0.178234,0.945312
401,1,401,0.132951,0.937500
402,1,402,0.143300,0.960938
403,1,403,0.223335,0.921875
404,1,404,0.144298,0.960938
405,1,405,0.113396,0.968750
406,1,406,0.193697,0.953125
407,1,407,0.396197,0.914062
408,1,408,0.155337,0.945312
409,1,409,0.203541,0.937500
410,1,410,0.248751,0.937500
411,1,411,0.108941,0.976562
412,1,412,0.183508,0.945312
413,1,413,0.156316,0.976562
414,1,414,0.244739,0.945312
415,1,415,0.210113,0.929688
416,1,416,0.178448,0.929688
417,1,417,0.197311,0.953125
418,1,418,0.230788,0.945312
419,1,419,0.193260,0.953125
420,1,420,0.211442,0.960938
421,1,421,0.281679,0.937500
422,1,422,0.220079,0.937500
423,1,423,0.209633,0.953125
424,1,424,0.169471,0.953125
425,1,425,0.132552,0.968750
426,1,426,0.151420,0.953125
427,1,427,0.155745,0.929688
428,1,428,0.116224,0.968750
429,1,429,0.154074,0.945312
430,1,430,0.296533,0.914062
431,1,431,0.205920,0.921875
432,1,432,0.180961,0.945312
433,1,433,0.155407,0.937500
434,1,434,0.155390,0.953125
435,1,435,0.191922,0.937500
436,1,436,0.241868,0.937500
437,1,437,0.187141,0.945312
438,1,438,0.085101,0.976562
439,1,439,0.316020,0.875000
440,1,440,0.189240,0.953125
441,1,441,0.333025,0.906250
442,1,442,0.186371,0.953125
443,1,443,0.125506,0.960938
444,1,444,0.135858,0.960938
445,1,445,0.183527,0.937500
446,1,446,0.270188,0.929688
447,1,447,0.172728,0.968750
448,1,448,0.238418,0.945312
449,1,449,0.221616,0.929688
450,1,450,0.195528,0.929688
451,1,451,0.116440,0.984375
452,1,452,0.224521,0.937500
453,1,453,0.242696,0.929688
454,1,454,0.208325,0.945312
455,1,455,0.199352,0.953125
456,1,456,0.129008,0.953125
457,1,457,0.258137,0.914062
458,1,458,0.144526,0.960938
459,1,459,0.133073,0.953125
460,1,460,0.199641,0.937500
461,1,461,0.083808,0.992188
462,1,462,0.176930,0.921875
463,1,463,0.262994,0.929688
464,1,464,0.100827,0.984375
465,1,465,0.159400,0.960938
466,1,466,0.216271,0.921875
467,1,467,0.093646,0.968750
468,1,468,0.182805,0.953125
469,1,469,0.278127,0.906250
470,2,1,0.146066,0.968750
471,2,2,0.184232,0.929688
472,2,3,0.148977,0.953125
473,2,4,0.126339,0.976562
474,2,5,0.143885,0.937500
475,2,6,0.122757,0.968750
476,2,7,0.163473,0.960938
477,2,8,0.117088,0.976562
478,2,9,0.188808,0.953125
479,2,10,0.079722,0.968750
480,2,11,0.075545,0.984375
481,2,12,0.125926,0.976562
482,2,13,0.119147,0.960938
483,2,14,0.186845,0.945312
484,2,15,0.199804,0.953125
485,2,16,0.145473,0.960938
486,2,17,0.149444,0.968750
487,2,18,0.190548,0.921875
488,2,19,0.185989,0.945312
489,2,20,0.054566,0.992188
490,2,21,0.214176,0.945312
491,2,22,0.123830,0.968750
492,2,23,0.159240,0.937500
493,2,24,0.287218,0.914062
494,2,25,0.095377,0.968750
495,2,26,0.115010,0.968750
496,2,27,0.116560,0.984375
497,2,28,0.182516,0.953125
498,2,29,0.108228,0.960938
499,2,30,0.158238,0.945312
500,2,31,0.219648,0.945312
501,2,32,0.110862,0.976562
502,2,33,0.132824,0.968750
503,2,34,0.078041,0.976562
504,2,35,0.117200,0.953125
505,2,36,0.231120,0.921875
506,2,37,0.216645,0.937500
507,2,38,0.131368,0.976562
508,2,39,0.080520,0.976562
509,2,40,0.184668,0.929688
510,2,41,0.185263,0.945312
511,2,42,0.083846,0.968750
512,2,43,0.282292,0.937500
513,2,44,0.179545,0.976562
514,2,45,0.120096,0.976562
515,2,46,0.126582,0.953125
516,2,47,0.176314,0.945312
517,2,48,0.231912,0.921875
518,2,49,0.089009,0.976562
519,2,50,0.094936,0.976562
520,2,51,0.154333,0.968750
521,2,52,0.200261,0.937500
522,2,53,0.115312,0.945312
523,2,54,0.088458,0.976562
524,2,55,0.117531,0.960938
525,2,56,0.096974,0.976562
526,2,57,0.160795,0.953125
527,2,58,0.151895,0.960938
528,2,59,0.182737,0.945312
529,2,60,0.122985,0.960938
530,2,61,0.169872,0.945312
531,2,62,0.132889,0.968750
532,2,63,0.105767,0.960938
533,2,64,0.209086,0.945312
534,2,65,0.205639,0.960938
535,2,66,0.068999,0.976562
536,2,67,0.177825,0.921875
537,2,68,0.132817,0.945312
538,2,69,0.206081,0.929688
539,2,70,0.110938,0.968750
540,2,71,0.097804,0.968750
541,2,72,0.067112,0.984375
542,2,73,0.165780,0.945312
543,2,74,0.158065,0.953125
544,2,75,0.114045,0.960938
545,2,76,0.075683,0.984375
546,2,77,0.209799,0.960938
547,2,78,0.178597,0.937500
548,2,79,0.145808,0.968750
549,2,80,0.237285,0.937500
550,2,81,0.111129,0.976562
551,2,82,0.178289,0.945312
552,2,83,0.143329,0.968750
553,2,84,0.083045,0.976562
554,2,85,0.193439,0.945312
555,2,86,0.090274,0.984375
556,2,87,0.139796,0.945312
557,2,88,0.130706,0.968750
558,2,89,0.217059,0.937500
559,2,90,0.080437,0.968750
560,2,91,0.142553,0.960938
561,2,92,0.249119,0.945312
562,2,93,0.185851,0.960938
563,2,94,0.070925,0.976562
564,2,95,0.100197,0.976562
565,2,96,0.192193,0.953125
566,2,97,0.160402,0.937500
567,2,98,0.170066,0.937500
568,2,99,0.181096,0.953125
569,2,100,0.190866,0.937500
570,2,101,0.158822,0.960938
571,2,102,0.158333,0.960938
572,2,103,0.103463,0.953125
573,2,104,0.083773,0.968750
574,2,105,0.132640,0.953125
575,2,106,0.085661,0.976562
576,2,107,0.182844,0.953125
577,2,108,0.092644,0.984375
578,2,109,0.104894,0.968750
579,2,110,0.134001,0.953125
580,2,111,0.124880,0.960938
581,2,112,0.098029,0.976562
582,2,113,0.182844,0.929688
583,2,114,0.210525,0.937500
584,2,115,0.062400,0.992188
585,2,116,0.055030,0.992188
586,2,117,0.205809,0.945312
587,2,118,0.130788,0.960938
588,2,119,0.176861,0.929688
589,2,120,0.109395,0.984375
590,2,121,0.113259,0.953125
591,2,122,0.081948,0.968750
592,2,123,0.111583,0.976562
593,2,124,0.172182,0.945312
594,2,125,0.076553,0.992188
595,2,126,0.139395,0.960938
596,2,127,0.115343,0.953125
597,2,128,0.130174,0.976562
598,2,129,0.139862,0.945312
599,2,130,0.144670,0.953125
600,2,131,0.091737,0.960938
601,2,132,0.113163,0.968750
602,2,133,0.088916,0.968750
603,2,134,0.184776,0.937500
604,2,135,0.142938,0.984375
605,2,136,0.068680,0.976562
606,2,137,0.091110,0.968750
607,2,138,0.150210,0.960938
608,2,139,0.073432,0.984375
609,2,140,0.098902,0.976562
610,2,141,0.142452,0.984375
611,2,142,0.144967,0.968750
612,2,143,0.111933,0.968750
613,2,144,0.041287,1.000000
614,2,145,0.125420,0.953125
615,2,146,0.160051,0.953125
616,2,147,0.212147,0.953125
617,2,148,0.127242,0.968750
618,2,149,0.074096,0.984375
619,2,150,0.106167,0.968750
620,2,151,0.145135,0.953125
621,2,152,0.115450,0.968750
622,2,153,0.162592,0.945312
623,2,154,0.206823,0.945312
624,2,155,0.097562,0.968750
625,2,156,0.166491,0.953125
626,2,157,0.121235,0.976562
627,2,158,0.135488,0.937500
628,2,159,0.151043,0.960938
629,2,160,0.094935,0.968750
630,2,161,0.075713,0.968750
631,2,162,0.122092,0.968750
632,2,163,0.164448,0.953125
633,2,164,0.213822,0.945312
634,2,165,0.141286,0.953125
635,2,166,0.078013,0.992188
636,2,167,0.138320,0.960938
637,2,168,0.113971,0.960938
638,2,169,0.217198,0.937500
639,2,170,0.112379,0.968750
640,2,171,0.205611,0.945312
641,2,172,0.166717,0.960938
642,2,173,0.184237,0.953125
643,2,174,0.219855,0.929688
644,2,175,0.157940,0.937500
645,2,176,0.119077,0.960938
646,2,177,0.146110,0.937500
647,2,178,0.118389,0.968750
648,2,179,0.139117,0.968750
649,2,180,0.134984,0.968750
650,2,181,0.132654,0.960938
651,2,182,0.080775,0.968750
652,2,183,0.074113,0.984375
653,2,184,0.065698,0.968750
654,2,185,0.124554,0.976562
655,2,186,0.194067,0.960938
656,2,187,0.094351,0.992188
657,2,188,0.152622,0.960938
658,2,189,0.155668,0.968750
659,2,190,0.155994,0.968750
660,2,191,0.110187,0.960938
661,2,192,0.079137,0.968750
662,2,193,0.148500,0.953125
663,2,194,0.133139,0.960938
664,2,195,0.150067,0.960938
665,2,196,0.194826,0.945312
666,2,197,0.090054,0.984375
667,2,198,0.066148,0.984375
668,2,199,0.262921,0.921875
669,2,200,0.112670,0.976562
670,2,201,0.143778,0.937500
671,2,202,0.063458,0.976562
672,2,203,0.056437,0.968750
673,2,204,0.125320,0.960938
674,2,205,0.148833,0.945312
675,2,206,0.207317,0.929688
676,2,207,0.091280,0.976562
677,2,208,0.137414,0.937500
678,2,209,0.096089,0.968750
679,2,210,0.178785,0.945312
680,2,211,0.144029,0.953125
681,2,212,0.209502,0.953125
682,2,213,0.174806,0.929688
683,2,214,0.056683,0.992188
684,2,215,0.181117,0.953125
685,2,216,0.103516,0.968750
686,2,217,0.107208,0.984375
687,2,218,0.194352,0.945312
688,2,219,0.076403,0.976562
689,2,220,0.113536,0.968750
690,2,221,0.065837,0.976562
691,2,222,0.169961,0.960938
692,2,223,0.120150,0.976562
693,2,224,0.210273,0.945312
694,2,225,0.196839,0.929688
695,2,226,0.249842,0.960938
696,2,227,0.113422,0.968750
697,2,228,0.181962,0.929688
698,2,229,0.181474,0.953125
699,2,230,0.081386,0.968750
700,2,231,0.091630,0.976562
701,2,232,0.259750,0.914062
702,2,233,0.103322,0.968750
703,2,234,0.184727,0.960938
704,2,235,0.089591,0.968750
705,2,236,0.065035,0.984375
706,2,237,0.157345,0.945312
707,2,238,0.171808,0.945312
708,2,239,0.126039,0.976562
709,2,240,0.243396,0.937500
710,2,241,0.226282,0.960938
711,2,242,0.114158,0.976562
712,2,243,0.131934,0.953125
713,2,244,0.082854,0.976562
714,2,245,0.263998,0.929688
715,2,246,0.186161,0.937500
716,2,247,0.098475,0.953125
717,2,248,0.056996,0.984375
718,2,249,0.047772,0.992188
719,2,250,0.069566,0.984375
720,2,251,0.128153,0.953125
721,2,252,0.211065,0.953125
722,2,253,0.150295,0.953125
723,2,254,0.038869,1.000000
724,2,255,0.106240,0.953125
725,2,256,0.206049,0.960938
726,2,257,0.118592,0.945312
727,2,258,0.238463,0.945312
728,2,259,0.106407,0.960938
729,2,260,0.145155,0.953125
730,2,261,0.072817,0.984375
731,2,262,0.129311,0.968750
732,2,263,0.052428,0.992188
733,2,264,0.111352,0.960938
734,2,265,0.192571,0.945312
735,2,266,0.181818,0.921875
736,2,267,0.092692,0.960938
737,2,268,0.149221,0.953125
738,2,269,0.115811,0.968750
739,2,270,0.166216,0.945312
740,2,271,0.166555,0.953125
741,2,272,0.127482,0.960938
742,2,273,0.090596,0.984375
743,2,274,0.163716,0.937500
744,2,275,0.120838,0.968750
745,2,276,0.116061,0.976562
746,2,277,0.206476,0.921875
747,2,278,0.085744,0.953125
748,2,279,0.127997,0.976562
749,2,280,0.155567,0.953125
750,2,281,0.097959,0.984375
751,2,282,0.108604,0.968750
752,2,283,0.227689,0.937500
753,2,284,0.132103,0.953125
754,2,285,0.117352,0.968750
755,2,286,0.149711,0.929688
756,2,287,0.089173,0.984375
757,2,288,0.056415,0.984375
758,2,289,0.143305,0.976562
759,2,290,0.099086,0.960938
760,2,291,0.257977,0.929688
761,2,292,0.060975,0.984375
762,2,293,0.108096,0.960938
763,2,294,0.090904,0.968750
764,2,295,0.092440,0.976562
765,2,296,0.129266,0.960938
766,2,297,0.169012,0.953125
767,2,298,0.192552,0.937500
768,2,299,0.092437,0.976562
769,2,300,0.155628,0.960938
770,2,301,0.138525,0.945312
771,2,302,0.117197,0.968750
772,2,303,0.128166,0.953125
773,2,304,0.119522,0.968750
774,2,305,0.164500,0.937500
775,2,306,0.053846,0.976562
776,2,307,0.080960,0.984375
777,2,308,0.098462,0.976562
778,2,309,0.060666,0.984375
779,2,310,0.176714,0.914062
780,2,311,0.121177,0.976562
781,2,312,0.188534,0.968750
782,2,313,0.098110,0.976562
783,2,314,0.080529,0.976562
784,2,315,0.097738,0.976562
785,2,316,0.140644,0.968750
786,2,317,0.091543,0.976562
787,2,318,0.105746,0.960938
788,2,319,0.041835,0.992188
789,2,320,0.080346,0.976562
790,2,321,0.083409,0.992188
791,2,322,0.088124,0.984375
792,2,323,0.145625,0.953125
793,2,324,0.102759,0.960938
794,2,325,0.138192,0.953125
795,2,326,0.073294,0.968750
796,2,327,0.107911,0.968750
797,2,328,0.196976,0.945312
798,2,329,0.118119,0.953125
799,2,330,0.147084,0.968750
800,2,331,0.104007,0.976562
801,2,332,0.037915,1.000000
802,2,333,0.179527,0.953125
803,2,334,0.116741,0.968750
804,2,335,0.132825,0.960938
805,2,336,0.157529,0.945312
806,2,337,0.098868,0.968750
807,2,338,0.237104,0.929688
808,2,339,0.096120,0.976562
809,2,340,0.089103,0.968750
810,2,341,0.078864,0.976562
811,2,342,0.160969,0.937500
812,2,343,0.129110,0.976562
813,2,344,0.194616,0.929688
814,2,345,0.082904,0.992188
815,2,346,0.104436,0.984375
816,2,347,0.056105,0.984375
817,2,348,0.088265,0.953125
818,2,349,0.103694,0.976562
819,2,350,0.093671,0.968750
820,2,351,0.170275,0.976562
821,2,352,0.137211,0.960938
822,2,353,0.080165,0.968750
823,2,354,0.059633,0.984375
824,2,355,0.144947,0.968750
825,2,356,0.155982,0.945312
826,2,357,0.138046,0.968750
827,2,358,0.104834,0.968750
828,2,359,0.114608,0.976562
829,2,360,0.177983,0.914062
830,2,361,0.145985,0.937500
831,2,362,0.073626,0.984375
832,2,363,0.135967,0.953125
833,2,364,0.092394,0.968750
834,2,365,0.073996,0.976562
835,2,366,0.119904,0.953125
836,2,367,0.177742,0.945312
837,2,368,0.140520,0.960938
838,2,369,0.078614,0.976562
839,2,370,0.083297,0.976562
840,2,371,0.062652,0.984375
841,2,372,0.096146,0.968750
842,2,373,0.107418,0.960938
843,2,374,0.153464,0.953125
844,2,375,0.132492,0.937500
845,2,376,0.093513,0.976562
846,2,377,0.102949,0.968750
847,2,378,0.068863,0.976562
848,2,379,0.148522,0.960938
849,2,380,0.180220,0.929688
850,2,381,0.182961,0.960938
851,2,382,0.143305,0.968750
852,2,383,0.060675,0.976562
853,2,384,0.138710,0.968750
854,2,385,0.128704,0.937500
855,2,386,0.051524,0.984375
856,2,387,0.147627,0.945312
857,2,388,0.161629,0.968750
858,2,389,0.072599,0.976562
859,2,390,0.079868,0.976562
860,2,391,0.031088,1.000000
861,2,392,0.136061,0.953125
862,2,393,0.284118,0.921875
863,2,394,0.075691,0.976562
864,2,395,0.114850,0.976562
865,2,396,0.135222,0.953125
866,2,397,0.188819,0.937500
867,2,398,0.087399,0.976562
868,2,399,0.114547,0.976562
869,2,400,0.092490,0.976562
870,2,401,0.188693,0.953125
871,2,402,0.092832,0.976562
872,2,403,0.101638,0.960938
873,2,404,0.081402,0.984375
874,2,405,0.146806,0.960938
875,2,406,0.113917,0.960938
876,2,407,0.226226,0.914062
877,2,408,0.124916,0.968750
878,2,409,0.141671,0.960938
879,2,410,0.134337,0.968750
880,2,411,0.131772,0.960938
881,2,412,0.120006,0.960938
882,2,413,0.144599,0.968750
883,2,414,0.139257,0.960938
884,2,415,0.145833,0.937500
885,2,416,0.084537,0.960938
886,2,417,0.041880,0.992188
887,2,418,0.135448,0.960938
888,2,419,0.081653,0.953125
889,2,420,0.068960,0.984375
890,2,421,0.069239,0.976562
891,2,422,0.152148,0.945312
892,2,423,0.065279,0.984375
893,2,424,0.064041,0.984375
894,2,425,0.104248,0.960938
895,2,426,0.091022,0.953125
896,2,427,0.059289,0.992188
897,2,428,0.079740,0.976562
898,2,429,0.152668,0.960938
899,2,430,0.071435,0.984375
900,2,431,0.091332,0.976562
901,2,432,0.140194,0.960938
902,2,433,0.062918,0.992188
903,2,434,0.203858,0.937500
904,2,435,0.095923,0.976562
905,2,436,0.087245,0.968750
906,2,437,0.128332,0.953125
907,2,438,0.124240,0.953125
908,2,439,0.161750,0.960938
909,2,440,0.099123,0.976562
910,2,441,0.112111,0.976562
911,2,442,0.098773,0.976562
912,2,443,0.101330,0.960938
913,2,444,0.118223,0.960938
914,2,445,0.114758,0.976562
915,2,446,0.078426,0.984375
916,2,447,0.103272,0.953125
917,2,448,0.161758,0.953125
918,2,449,0.182828,0.945312
919,2,450,0.071960,0.968750
920,2,451,0.085523,0.960938
921,2,452,0.120438,0.945312
922,2,453,0.140828,0.968750
923,2,454,0.131981,0.968750
924,2,455,0.066617,0.992188
925,2,456,0.147483,0.945312
926,2,457,0.164887,0.968750
927,2,458,0.088171,0.976562
928,2,459,0.155892,0.960938
929,2,460,0.149552,0.945312
930,2,461,0.039369,0.992188
931,2,462,0.092256,0.968750
932,2,463,0.060546,0.968750
933,2,464,0.117937,0.984375
934,2,465,0.040177,1.000000
935,2,466,0.105275,0.976562
936,2,467,0.110441,0.960938
937,2,468,0.082706,0.984375
938,2,469,0.178778,0.947917
939,3,1,0.133160,0.976562
940,3,2,0.073162,0.968750
941,3,3,0.044658,0.992188
942,3,4,0.083635,0.976562
943,3,5,0.074735,0.968750
944,3,6,0.131675,0.953125
945,3,7,0.154805,0.937500
946,3,8,0.156442,0.945312
947,3,9,0.090744,0.976562
948,3,10,0.058575,0.984375
949,3,11,0.079283,0.984375
950,3,12,0.111470,0.976562
951,3,13,0.106057,0.960938
952,3,14,0.122613,0.976562
953,3,15,0.053892,0.992188
954,3,16,0.038738,1.000000
955,3,17,0.062205,0.976562
956,3,18,0.042566,0.984375
957,3,19,0.053358,0.984375
958,3,20,0.125199,0.953125
959,3,21,0.119852,0.968750
960,3,22,0.085862,0.976562
961,3,23,0.054810,0.984375
962,3,24,0.071345,0.976562
963,3,25,0.066612,0.968750
964,3,26,0.083635,0.976562
965,3,27,0.048365,0.992188
966,3,28,0.034127,1.000000
967,3,29,0.069416,0.984375
968,3,30,0.083004,0.976562
969,3,31,0.058150,0.984375
970,3,32,0.061531,0.984375
971,3,33,0.051536,0.984375
972,3,34,0.081391,0.976562
973,3,35,0.068645,0.984375
974,3,36,0.027659,1.000000
975,3,37,0.081529,0.968750
976,3,38,0.090385,0.953125
977,3,39,0.096353,0.976562
978,3,40,0.106043,0.968750
979,3,41,0.092928,0.960938
980,3,42,0.058569,0.984375
981,3,43,0.106480,0.960938
982,3,44,0.117227,0.953125
983,3,45,0.045727,0.992188
984,3,46,0.096937,0.984375
985,3,47,0.075362,0.976562
986,3,48,0.118342,0.968750
987,3,49,0.081699,0.968750
988,3,50,0.077897,0.976562
989,3,51,0.081958,0.960938
990,3,52,0.026601,1.000000
991,3,53,0.102984,0.960938
992,3,54,0.070286,0.984375
993,3,55,0.048798,0.984375
994,3,56,0.053262,0.984375
995,3,57,0.200708,0.976562
996,3,58,0.085571,0.968750
997,3,59,0.091003,0.960938
998,3,60,0.063426,0.984375
999,3,61,0.068562,0.968750
1000,3,62,0.111791,0.968750
1001,3,63,0.165643,0.937500
1002,3,64,0.102971,0.976562
1003,3,65,0.070551,0.984375
1004,3,66,0.065650,0.984375
1005,3,67,0.171891,0.953125
1006,3,68,0.063837,0.968750
1007,3,69,0.068534,0.984375
1008,3,70,0.075138,0.976562
1009,3,71,0.051614,1.000000
1010,3,72,0.048328,0.984375
1011,3,73,0.128431,0.953125
1012,3,74,0.045092,0.992188
1013,3,75,0.065293,0.968750
1014,3,76,0.133798,0.968750
1015,3,77,0.055336,0.992188
1016,3,78,0.028591,1.000000
1017,3,79,0.060177,0.976562
1018,3,80,0.109935,0.960938
1019,3,81,0.155213,0.960938
1020,3,82,0.152267,0.953125
1021,3,83,0.089770,0.976562
1022,3,84,0.103987,0.976562
1023,3,85,0.069089,0.984375
1024,3,86,0.065674,0.968750
1025,3,87,0.075619,0.984375
1026,3,88,0.048408,0.992188
1027,3,89,0.097398,0.953125
1028,3,90,0.086361,0.992188
1029,3,91,0.181939,0.953125
1030,3,92,0.062952,0.992188
1031,3,93,0.044415,0.992188
1032,3,94,0.090442,0.968750
1033,3,95,0.051795,0.984375
1034,3,96,0.132660,0.953125
1035,3,97,0.122746,0.968750
1036,3,98,0.076421,0.992188
1037,3,99,0.086349,0.984375
1038,3,100,0.076491,0.984375
1039,3,101,0.048980,0.992188
1040,3,102,0.107738,0.968750
1041,3,103,0.080955,0.976562
1042,3,104,0.041640,0.992188
1043,3,105,0.123499,0.968750
1044,3,106,0.111526,0.960938
1045,3,107,0.200845,0.960938
1046,3,108,0.071214,0.984375
1047,3,109,0.143711,0.960938
1048,3,110,0.125851,0.960938
1049,3,111,0.047655,0.992188
1050,3,112,0.064743,0.984375
1051,3,113,0.030075,1.000000
1052,3,114,0.055707,0.984375
1053,3,115,0.017824,1.000000
1054,3,116,0.116392,0.976562
1055,3,117,0.053959,0.976562
1056,3,118,0.085917,0.976562
1057,3,119,0.124245,0.984375
1058,3,120,0.069809,0.984375
1059,3,121,0.083923,0.976562
1060,3,122,0.212378,0.945312
1061,3,123,0.091893,0.968750
1062,3,124,0.060817,0.984375
1063,3,125,0.062332,0.976562
1064,3,126,0.041525,0.992188
1065,3,127,0.062944,0.976562
1066,3,128,0.043241,0.984375
1067,3,129,0.157924,0.960938
1068,3,130,0.073753,0.976562
1069,3,131,0.076591,0.968750
1070,3,132,0.026905,1.000000
1071,3,133,0.097528,0.960938
1072,3,134,0.116980,0.968750
1073,3,135,0.127285,0.960938
1074,3,136,0.165132,0.953125
1075,3,137,0.138866,0.953125
1076,3,138,0.058013,0.984375
1077,3,139,0.161665,0.937500
1078,3,140,0.111979,0.945312
1079,3,141,0.075528,0.976562
1080,3,142,0.091142,0.968750
1081,3,143,0.047881,0.984375
1082,3,144,0.103564,0.960938
1083,3,145,0.115080,0.960938
1084,3,146,0.091128,0.984375
1085,3,147,0.071927,0.976562
1086,3,148,0.097824,0.960938
1087,3,149,0.121924,0.968750
1088,3,150,0.053955,0.992188
1089,3,151,0.081543,0.984375
1090,3,152,0.075998,0.968750
1091,3,153,0.060668,0.976562
1092,3,154,0.122828,0.968750
1093,3,155,0.091783,0.984375
1094,3,156,0.089997,0.976562
1095,3,157,0.060535,0.976562
1096,3,158,0.079128,0.976562
1097,3,159,0.102747,0.960938
1098,3,160,0.064842,0.992188
1099,3,161,0.077401,0.968750
1100,3,162,0.048706,0.984375
1101,3,163,0.061885,0.976562
1102,3,164,0.042528,1.000000
1103,3,165,0.111276,0.960938
1104,3,166,0.085096,0.968750
1105,3,167,0.052667,0.984375
1106,3,168,0.091261,0.968750
1107,3,169,0.024088,1.000000
1108,3,170,0.115688,0.968750
1109,3,171,0.038639,0.992188
1110,3,172,0.160547,0.945312
1111,3,173,0.127483,0.968750
1112,3,174,0.152021,0.953125
1113,3,175,0.050485,0.992188
1114,3,176,0.034666,0.992188
1115,3,177,0.047637,0.992188
1116,3,178,0.079308,0.968750
1117,3,179,0.040125,1.000000
1118,3,180,0.055243,0.976562
1119,3,181,0.154256,0.968750
1120,3,182,0.080012,0.976562
1121,3,183,0.116541,0.953125
1122,3,184,0.142840,0.968750
1123,3,185,0.089502,0.992188
1124,3,186,0.096971,0.976562
1125,3,187,0.070899,0.984375
1126,3,188,0.067752,0.968750
1127,3,189,0.046275,0.992188
1128,3,190,0.021459,1.000000
1129,3,191,0.082584,0.968750
1130,3,192,0.069148,0.968750
1131,3,193,0.041768,0.992188
1132,3,194,0.065664,0.976562
1133,3,195,0.099821,0.968750
1134,3,196,0.065158,0.984375
1135,3,197,0.088262,0.976562
1136,3,198,0.109321,0.968750
1137,3,199,0.085441,0.960938
1138,3,200,0.065715,0.976562
1139,3,201,0.151100,0.968750
1140,3,202,0.029269,0.992188
1141,3,203,0.042855,0.984375
1142,3,204,0.101651,0.968750
1143,3,205,0.094168,0.968750
1144,3,206,0.103379,0.960938
1145,3,207,0.027716,0.992188
1146,3,208,0.116759,0.968750
1147,3,209,0.094011,0.976562
1148,3,210,0.077695,0.976562
1149,3,211,0.157743,0.953125
1150,3,212,0.099075,0.960938
1151,3,213,0.077464,0.976562
1152,3,214,0.066843,0.992188
1153,3,215,0.056991,0.984375
1154,3,216,0.106735,0.960938
1155,3,217,0.058105,0.992188
1156,3,218,0.067152,0.984375
1157,3,219,0.144270,0.960938
1158,3,220,0.054267,0.984375
1159,3,221,0.121869,0.976562
1160,3,222,0.106657,0.976562
1161,3,223,0.125958,0.937500
1162,3,224,0.082053,0.976562
1163,3,225,0.035673,0.992188
1164,3,226,0.093958,0.953125
1165,3,227,0.074814,0.984375
1166,3,228,0.082962,0.984375
1167,3,229,0.047630,0.984375
1168,3,230,0.088379,0.953125
1169,3,231,0.087021,0.976562
1170,3,232,0.094902,0.976562
1171,3,233,0.103719,0.976562
1172,3,234,0.085380,0.968750
1173,3,235,0.110722,0.960938
1174,3,236,0.099060,0.976562
1175,3,237,0.146975,0.968750
1176,3,238,0.101731,0.960938
1177,3,239,0.068960,0.976562
1178,3,240,0.091794,0.976562
1179,3,241,0.111853,0.968750
1180,3,242,0.143562,0.953125
1181,3,243,0.041214,0.976562
1182,3,244,0.070302,0.968750
1183,3,245,0.199939,0.960938
1184,3,246,0.068377,0.992188
1185,3,247,0.118139,0.953125
1186,3,248,0.034012,0.984375
1187,3,249,0.154151,0.960938
1188,3,250,0.083921,0.968750
1189,3,251,0.038856,0.984375
1190,3,252,0.069553,0.976562
1191,3,253,0.058602,0.984375
1192,3,254,0.067909,0.976562
1193,3,255,0.057945,0.984375
1194,3,256,0.132288,0.968750
1195,3,257,0.104293,0.960938
1196,3,258,0.042482,0.992188
1197,3,259,0.050119,0.976562
1198,3,260,0.051068,0.984375
1199,3,261,0.047842,0.992188
1200,3,262,0.058767,0.992188
1201,3,263,0.115856,0.960938
1202,3,264,0.077021,0.984375
1203,3,265,0.045157,0.992188
1204,3,266,0.080567,0.976562
1205,3,267,0.118890,0.968750
1206,3,268,0.079148,0.976562
1207,3,269,0.069556,0.976562
1208,3,270,0.097747,0.968750
1209,3,271,0.026125,1.000000
1210,3,272,0.035462,0.984375
1211,3,273,0.058816,0.976562
1212,3,274,0.106352,0.976562
1213,3,275,0.096978,0.960938
1214,3,276,0.032525,1.000000
1215,3,277,0.083879,0.976562
1216,3,278,0.081077,0.968750
1217,3,279,0.066938,0.976562
1218,3,280,0.061827,0.992188
1219,3,281,0.098281,0.968750
1220,3,282,0.112399,0.968750
1221,3,283,0.109597,0.976562
1222,3,284,0.065025,0.984375
1223,3,285,0.070696,0.976562
1224,3,286,0.101415,0.960938
1225,3,287,0.041497,0.984375
1226,3,288,0.145191,0.945312
1227,3,289,0.085205,0.968750
1228,3,290,0.032759,0.976562
1229,3,291,0.059536,0.976562
1230,3,292,0.108712,0.960938
1231,3,293,0.155301,0.976562
1232,3,294,0.059137,0.976562
1233,3,295,0.105283,0.968750
1234,3,296,0.053534,0.992188
1235,3,297,0.090982,0.960938
1236,3,298,0.177147,0.953125
1237,3,299,0.091662,0.976562
1238,3,300,0.081889,0.976562
1239,3,301,0.021036,1.000000
1240,3,302,0.096818,0.976562
1241,3,303,0.046577,0.984375
1242,3,304,0.090588,0.960938
1243,3,305,0.048266,0.976562
1244,3,306,0.102912,0.960938
1245,3,307,0.042244,1.000000
1246,3,308,0.061752,0.976562
1247,3,309,0.035819,1.000000
1248,3,310,0.036172,0.992188
1249,3,311,0.060879,0.976562
1250,3,312,0.072405,0.976562
1251,3,313,0.043020,0.984375
1252,3,314,0.053932,0.992188
1253,3,315,0.096654,0.984375
1254,3,316,0.039286,0.992188
1255,3,317,0.104342,0.984375
1256,3,318,0.101869,0.968750
1257,3,319,0.119035,0.960938
1258,3,320,0.086234,0.984375
1259,3,321,0.082244,0.976562
1260,3,322,0.163140,0.953125
1261,3,323,0.028302,1.000000
1262,3,324,0.035852,0.992188
1263,3,325,0.073553,0.976562
1264,3,326,0.061837,0.992188
1265,3,327,0.079826,0.976562
1266,3,328,0.061615,0.984375
1267,3,329,0.100194,0.960938
1268,3,330,0.094004,0.976562
1269,3,331,0.099878,0.953125
1270,3,332,0.047106,0.992188
1271,3,333,0.092281,0.976562
1272,3,334,0.032995,0.992188
1273,3,335,0.036152,0.992188
1274,3,336,0.065312,0.984375
1275,3,337,0.052682,0.992188
1276,3,338,0.038484,0.984375
1277,3,339,0.035469,1.000000
1278,3,340,0.067825,0.976562
1279,3,341,0.085782,0.976562
1280,3,342,0.098323,0.960938
1281,3,343,0.020349,1.000000
1282,3,344,0.144881,0.945312
1283,3,345,0.060119,0.976562
1284,3,346,0.072951,0.984375
1285,3,347,0.135939,0.976562
1286,3,348,0.084710,0.976562
1287,3,349,0.069027,0.976562
1288,3,350,0.146811,0.960938
1289,3,351,0.113721,0.960938
1290,3,352,0.080877,0.976562
1291,3,353,0.059547,0.976562
1292,3,354,0.163892,0.968750
1293,3,355,0.066434,0.984375
1294,3,356,0.120423,0.968750
1295,3,357,0.109805,0.960938
1296,3,358,0.049276,0.984375
1297,3,359,0.060910,0.984375
1298,3,360,0.141510,0.960938
1299,3,361,0.139863,0.968750
1300,3,362,0.191634,0.953125
1301,3,363,0.100449,0.968750
1302,3,364,0.080119,0.960938
1303,3,365,0.052013,0.992188
1304,3,366,0.060174,0.984375
1305,3,367,0.037437,0.992188
1306,3,368,0.049615,0.992188
1307,3,369,0.068618,0.976562
1308,3,370,0.076817,0.976562
1309,3,371,0.052949,0.984375
1310,3,372,0.072790,0.976562
1311,3,373,0.113660,0.976562
1312,3,374,0.039313,0.992188
1313,3,375,0.056164,0.984375
1314,3,376,0.088144,0.984375
1315,3,377,0.102515,0.945312
1316,3,378,0.044722,0.992188
1317,3,379,0.050913,0.984375
1318,3,380,0.086733,0.976562
1319,3,381,0.113651,0.960938
1320,3,382,0.109078,0.960938
1321,3,383,0.023577,1.000000
1322,3,384,0.054950,0.984375
1323,3,385,0.164959,0.937500
1324,3,386,0.113247,0.960938
1325,3,387,0.030583,0.984375
1326,3,388,0.041722,0.984375
1327,3,389,0.082298,0.976562
1328,3,390,0.059750,0.976562
1329,3,391,0.118349,0.937500
1330,3,392,0.092464,0.953125
1331,3,393,0.083182,0.984375
1332,3,394,0.042194,0.984375
1333,3,395,0.096968,0.976562
1334,3,396,0.113420,0.968750
1335,3,397,0.052956,0.976562
1336,3,398,0.062585,0.984375
1337,3,399,0.053543,0.976562
1338,3,400,0.081172,0.968750
1339,3,401,0.093866,0.968750
1340,3,402,0.062291,0.984375
1341,3,403,0.071615,0.976562
1342,3,404,0.095540,0.976562
1343,3,405,0.037991,0.992188
1344,3,406,0.051287,0.984375
1345,3,407,0.070967,0.984375
1346,3,408,0.116440,0.968750
1347,3,409,0.092817,0.968750
1348,3,410,0.104230,0.976562
1349,3,411,0.126586,0.968750
1350,3,412,0.086890,0.976562
1351,3,413,0.104170,0.968750
1352,3,414,0.203034,0.960938
1353,3,415,0.034949,0.992188
1354,3,416,0.159278,0.953125
1355,3,417,0.093280,0.960938
1356,3,418,0.094820,0.984375
1357,3,419,0.101478,0.976562
1358,3,420,0.104319,0.968750
1359,3,421,0.052332,0.976562
1360,3,422,0.044137,0.984375
1361,3,423,0.100478,0.960938
1362,3,424,0.091855,0.953125
1363,3,425,0.128157,0.960938
1364,3,426,0.119764,0.945312
1365,3,427,0.094011,0.976562
1366,3,428,0.082653,0.984375
1367,3,429,0.061452,0.976562
1368,3,430,0.063012,0.984375
1369,3,431,0.061323,0.984375
1370,3,432,0.065593,0.976562
1371,3,433,0.122912,0.968750
1372,3,434,0.043523,0.984375
1373,3,435,0.096387,0.968750
1374,3,436,0.095348,0.968750
1375,3,437,0.032167,1.000000
1376,3,438,0.122855,0.937500
1377,3,439,0.121187,0.968750
1378,3,440,0.080503,0.976562
1379,3,441,0.061451,0.976562
1380,3,442,0.148188,0.960938
1381,3,443,0.117757,0.960938
1382,3,444,0.083153,0.976562
1383,3,445,0.067522,0.976562
1384,3,446,0.168781,0.953125
1385,3,447,0.130823,0.968750
1386,3,448,0.090685,0.968750
1387,3,449,0.057342,0.992188
1388,3,450,0.089581,0.968750
1389,3,451,0.093212,0.968750
1390,3,452,0.124170,0.976562
1391,3,453,0.073488,0.968750
1392,3,454,0.061629,0.968750
1393,3,455,0.090057,0.960938
1394,3,456,0.108594,0.976562
1395,3,457,0.085557,0.968750
1396,3,458,0.172321,0.960938
1397,3,459,0.063492,0.976562
1398,3,460,0.125287,0.953125
1399,3,461,0.078377,0.976562
1400,3,462,0.162098,0.960938
1401,3,463,0.033171,0.992188
1402,3,464,0.069479,0.976562
1403,3,465,0.142018,0.976562
1404,3,466,0.146031,0.953125
1405,3,467,0.132793,0.960938
1406,3,468,0.070088,0.992188
1407,3,469,0.099649,0.968750
