iter,epoch,batch,loss,accuracy
1,1,1,2.299836,0.140625
2,1,2,2.193878,0.429688
3,1,3,2.076222,0.546875
4,1,4,1.980967,0.625000
5,1,5,1.932032,0.585938
6,1,6,1.788995,0.750000
7,1,7,1.680459,0.734375
8,1,8,1.614830,0.695312
9,1,9,1.544135,0.734375
10,1,10,1.372688,0.742188
11,1,11,1.195633,0.812500
12,1,12,1.321608,0.718750
13,1,13,1.087824,0.789062
14,1,14,1.077219,0.804688
15,1,15,0.994364,0.796875
16,1,16,0.953752,0.812500
17,1,17,0.824963,0.851562
18,1,18,0.881474,0.804688
19,1,19,0.784607,0.820312
20,1,20,0.795046,0.796875
21,1,21,0.804921,0.773438
22,1,22,0.711485,0.859375
23,1,23,0.749620,0.742188
24,1,24,0.761599,0.726562
25,1,25,0.599236,0.843750
26,1,26,0.524043,0.867188
27,1,27,0.602481,0.828125
28,1,28,0.540539,0.890625
29,1,29,0.669807,0.804688
30,1,30,0.597656,0.843750
31,1,31,0.544487,0.843750
32,1,32,0.510529,0.882812
33,1,33,0.557436,0.843750
34,1,34,0.499281,0.835938
35,1,35,0.654747,0.773438
36,1,36,0.497436,0.882812
37,1,37,0.580133,0.820312
38,1,38,0.354991,0.906250
39,1,39,0.425730,0.890625
40,1,40,0.515108,0.851562
41,1,41,0.550672,0.859375
42,1,42,0.473190,0.859375
43,1,43,0.470729,0.882812
44,1,44,0.423240,0.898438
45,1,45,0.464354,0.859375
46,1,46,0.383994,0.890625
47,1,47,0.352228,0.882812
48,1,48,0.471951,0.890625
49,1,49,0.352752,0.921875
50,1,50,0.592491,0.835938
51,1,51,0.382062,0.875000
52,1,52,0.291261,0.929688
53,1,53,0.446569,0.875000
54,1,54,0.540620,0.789062
55,1,55,0.388436,0.914062
56,1,56,0.392612,0.890625
57,1,57,0.409126,0.882812
58,1,58,0.297792,0.921875
59,1,59,0.361271,0.875000
60,1,60,0.429784,0.867188
61,1,61,0.413492,0.875000
62,1,62,0.492759,0.890625
63,1,63,0.317300,0.921875
64,1,64,0.344742,0.875000
65,1,65,0.395245,0.890625
66,1,66,0.297936,0.921875
67,1,67,0.358835,0.882812
68,1,68,0.324538,0.898438
69,1,69,0.327405,0.914062
70,1,70,0.451728,0.882812
71,1,71,0.470279,0.828125
72,1,72,0.406818,0.875000
73,1,73,0.479438,0.835938
74,1,74,0.247934,0.945312
75,1,75,0.181202,0.960938
76,1,76,0.448875,0.867188
77,1,77,0.418480,0.890625
78,1,78,0.409661,0.859375
79,1,79,0.273400,0.898438
80,1,80,0.310026,0.906250
81,1,81,0.325494,0.890625
82,1,82,0.633339,0.828125
83,1,83,0.407669,0.890625
84,1,84,0.413662,0.890625
85,1,85,0.258567,0.921875
86,1,86,0.364667,0.906250
87,1,87,0.397969,0.898438
88,1,88,0.390034,0.859375
89,1,89,0.312009,0.921875
90,1,90,0.310376,0.929688
91,1,91,0.278501,0.921875
92,1,92,0.328822,0.906250
93,1,93,0.394444,0.890625
94,1,94,0.271049,0.937500
95,1,95,0.271978,0.898438
96,1,96,0.339770,0.898438
97,1,97,0.317226,0.921875
98,1,98,0.546025,0.851562
99,1,99,0.307269,0.898438
100,1,100,0.355749,0.882812
101,1,101,0.342418,0.929688
102,1,102,0.175736,0.945312
103,1,103,0.251195,0.960938
104,1,104,0.376886,0.890625
105,1,105,0.311657,0.898438
106,1,106,0.162813,0.960938
107,1,107,0.356464,0.890625
108,1,108,0.286120,0.882812
109,1,109,0.250895,0.929688
110,1,110,0.358133,0.882812
111,1,111,0.294901,0.906250
112,1,112,0.353878,0.890625
113,1,113,0.339684,0.929688
114,1,114,0.473223,0.859375
115,1,115,0.180773,0.953125
116,1,116,0.325995,0.914062
117,1,117,0.342492,0.882812
118,1,118,0.387073,0.890625
119,1,119,0.298872,0.906250
120,1,120,0.301489,0.929688
121,1,121,0.335045,0.898438
122,1,122,0.372211,0.906250
123,1,123,0.328368,0.867188
124,1,124,0.312519,0.890625
125,1,125,0.244376,0.937500
126,1,126,0.242001,0.914062
127,1,127,0.316710,0.882812
128,1,128,0.190408,0.937500
129,1,129,0.359343,0.898438
130,1,130,0.346599,0.898438
131,1,131,0.296228,0.898438
132,1,132,0.272197,0.898438
133,1,133,0.272713,0.929688
134,1,134,0.384594,0.875000
135,1,135,0.266581,0.929688
136,1,136,0.507335,0.843750
137,1,137,0.308425,0.914062
138,1,138,0.201646,0.953125
139,1,139,0.305903,0.898438
140,1,140,0.265786,0.914062
141,1,141,0.255517,0.921875
142,1,142,0.285548,0.906250
143,1,143,0.295483,0.890625
144,1,144,0.207521,0.960938
145,1,145,0.264120,0.929688
146,1,146,0.292558,0.937500
147,1,147,0.349942,0.906250
148,1,148,0.294699,0.906250
149,1,149,0.247228,0.953125
150,1,150,0.228371,0.945312
151,1,151,0.254268,0.937500
152,1,152,0.185275,0.953125
153,1,153,0.478492,0.890625
154,1,154,0.265102,0.914062
155,1,155,0.234746,0.914062
156,1,156,0.309989,0.890625
157,1,157,0.313919,0.914062
158,1,158,0.185279,0.945312
159,1,159,0.278309,0.929688
160,1,160,0.303995,0.921875
161,1,161,0.291040,0.921875
162,1,162,0.341326,0.906250
163,1,163,0.328148,0.937500
164,1,164,0.158490,0.945312
165,1,165,0.293667,0.921875
166,1,166,0.339401,0.890625
167,1,167,0.260932,0.921875
168,1,168,0.252589,0.937500
169,1,169,0.175832,0.953125
170,1,170,0.205110,0.921875
171,1,171,0.262066,0.914062
172,1,172,0.272994,0.921875
173,1,173,0.400362,0.859375
174,1,174,0.246696,0.914062
175,1,175,0.218396,0.929688
176,1,176,0.250242,0.945312
177,1,177,0.169630,0.929688
178,1,178,0.212222,0.929688
179,1,179,0.274928,0.898438
180,1,180,0.214229,0.937500
181,1,181,0.336150,0.906250
182,1,182,0.267005,0.937500
183,1,183,0.235533,0.945312
184,1,184,0.341179,0.898438
185,1,185,0.234270,0.921875
186,1,186,0.269510,0.921875
187,1,187,0.301861,0.875000
188,1,188,0.261307,0.921875
189,1,189,0.387516,0.898438
190,1,190,0.273982,0.921875
191,1,191,0.327646,0.914062
192,1,192,0.233747,0.929688
193,1,193,0.233006,0.937500
194,1,194,0.229141,0.937500
195,1,195,0.280161,0.906250
196,1,196,0.205840,0.929688
197,1,197,0.296516,0.890625
198,1,198,0.369889,0.914062
199,1,199,0.225597,0.945312
200,1,200,0.330529,0.890625
201,1,201,0.247544,0.937500
202,1,202,0.319190,0.898438
203,1,203,0.265341,0.937500
204,1,204,0.299551,0.906250
205,1,205,0.182263,0.960938
206,1,206,0.345072,0.890625
207,1,207,0.184738,0.929688
208,1,208,0.176548,0.945312
209,1,209,0.328794,0.906250
210,1,210,0.322334,0.882812
211,1,211,0.333562,0.898438
212,1,212,0.219670,0.929688
213,1,213,0.213194,0.937500
214,1,214,0.353417,0.882812
215,1,215,0.214083,0.945312
216,1,216,0.314582,0.914062
217,1,217,0.345502,0.875000
218,1,218,0.329540,0.914062
219,1,219,0.202413,0.929688
220,1,220,0.197948,0.945312
221,1,221,0.344183,0.882812
222,1,222,0.209842,0.929688
223,1,223,0.247597,0.921875
224,1,224,0.144021,0.968750
225,1,225,0.221178,0.929688
226,1,226,0.302827,0.906250
227,1,227,0.253780,0.914062
228,1,228,0.200609,0.945312
229,1,229,0.257649,0.945312
230,1,230,0.192340,0.945312
231,1,231,0.264210,0.914062
232,1,232,0.119554,0.960938
233,1,233,0.241386,0.929688
234,1,234,0.267187,0.890625
235,1,235,0.232895,0.929688
236,1,236,0.205698,0.968750
237,1,237,0.320172,0.906250
238,1,238,0.174145,0.945312
239,1,239,0.265449,0.945312
240,1,240,0.293479,0.929688
241,1,241,0.305658,0.921875
242,1,242,0.224410,0.945312
243,1,243,0.166826,0.945312
244,1,244,0.259008,0.914062
245,1,245,0.294654,0.921875
246,1,246,0.223472,0.929688
247,1,247,0.273118,0.914062
248,1,248,0.277713,0.921875
249,1,249,0.180953,0.953125
250,1,250,0.165630,0.960938
251,1,251,0.199559,0.921875
252,1,252,0.309352,0.921875
253,1,253,0.447310,0.906250
254,1,254,0.289481,0.906250
255,1,255,0.185019,0.968750
256,1,256,0.228740,0.937500
257,1,257,0.123125,0.945312
258,1,258,0.228926,0.929688
259,1,259,0.175974,0.953125
260,1,260,0.220286,0.921875
261,1,261,0.258272,0.945312
262,1,262,0.257606,0.929688
263,1,263,0.200426,0.960938
264,1,264,0.205399,0.953125
265,1,265,0.162729,0.953125
266,1,266,0.204626,0.937500
267,1,267,0.264305,0.921875
268,1,268,0.145658,0.945312
269,1,269,0.312311,0.921875
270,1,270,0.223520,0.929688
271,1,271,0.221201,0.921875
272,1,272,0.281645,0.937500
273,1,273,0.175918,0.921875
274,1,274,0.217693,0.968750
275,1,275,0.257845,0.937500
276,1,276,0.148850,0.960938
277,1,277,0.267612,0.921875
278,1,278,0.291971,0.906250
279,1,279,0.250396,0.914062
280,1,280,0.303068,0.914062
281,1,281,0.208101,0.929688
282,1,282,0.239717,0.914062
283,1,283,0.158908,0.937500
284,1,284,0.238587,0.921875
285,1,285,0.262559,0.921875
286,1,286,0.149528,0.945312
287,1,287,0.086630,0.984375
288,1,288,0.275871,0.898438
289,1,289,0.265310,0.929688
290,1,290,0.189453,0.953125
291,1,291,0.157684,0.953125
292,1,292,0.147918,0.953125
293,1,293,0.150671,0.953125
294,1,294,0.159331,0.976562
295,1,295,0.171288,0.945312
296,1,296,0.222206,0.929688
297,1,297,0.260865,0.898438
298,1,298,0.158993,0.945312
299,1,299,0.296831,0.937500
300,1,300,0.200815,0.937500
301,1,301,0.292359,0.929688
302,1,302,0.158875,0.960938
303,1,303,0.177033,0.953125
304,1,304,0.132787,0.968750
305,1,305,0.187003,0.945312
306,1,306,0.271500,0.937500
307,1,307,0.181109,0.937500
308,1,308,0.089645,0.984375
309,1,309,0.145956,0.968750
310,1,310,0.142091,0.960938
311,1,311,0.245528,0.937500
312,1,312,0.157317,0.945312
313,1,313,0.210807,0.929688
314,1,314,0.161121,0.929688
315,1,315,0.314793,0.921875
316,1,316,0.185610,0.937500
317,1,317,0.231964,0.945312
318,1,318,0.236114,0.921875
319,1,319,0.197266,0.953125
320,1,320,0.154480,0.945312
321,1,321,0.267842,0.937500
322,1,322,0.212738,0.929688
323,1,323,0.231518,0.937500
324,1,324,0.302566,0.937500
325,1,325,0.144460,0.945312
326,1,326,0.216492,0.937500
327,1,327,0.159091,0.953125
328,1,328,0.205754,0.937500
329,1,329,0.162048,0.953125
330,1,330,0.165391,0.929688
331,1,331,0.219440,0.945312
332,1,332,0.171349,0.960938
333,1,333,0.248587,0.929688
334,1,334,0.174557,0.929688
335,1,335,0.323014,0.914062
336,1,336,0.173172,0.937500
337,1,337,0.185720,0.960938
338,1,338,0.130157,0.976562
339,1,339,0.129191,0.953125
340,1,340,0.177536,0.945312
341,1,341,0.163887,0.976562
342,1,342,0.223653,0.945312
343,1,343,0.388872,0.937500
344,1,344,0.169355,0.953125
345,1,345,0.171874,0.937500
346,1,346,0.198605,0.945312
347,1,347,0.228860,0.914062
348,1,348,0.166281,0.921875
349,1,349,0.129197,0.960938
350,1,350,0.214273,0.953125
351,1,351,0.176515,0.960938
352,1,352,0.143938,0.960938
353,1,353,0.211297,0.929688
354,1,354,0.265222,0.929688
355,1,355,0.435863,0.898438
356,1,356,0.176881,0.953125
357,1,357,0.234134,0.945312
358,1,358,0.153788,0.960938
359,1,359,0.135936,0.960938
360,1,360,0.155967,0.976562
361,1,361,0.142600,0.945312
362,1,362,0.220408,0.914062
363,1,363,0.173744,0.953125
364,1,364,0.214672,0.937500
365,1,365,0.282214,0.945312
366,1,366,0.153100,0.937500
367,1,367,0.110702,0.968750
368,1,368,0.183172,0.953125
369,1,369,0.184861,0.953125
370,1,370,0.360315,0.921875
371,1,371,0.232723,0.929688
372,1,372,0.267281,0.914062
373,1,373,0.157371,0.937500
374,1,374,0.155068,0.953125
375,1,375,0.181286,0.960938
376,1,376,0.117848,0.968750
377,1,377,0.167048,0.960938
378,1,378,0.155146,0.953125
379,1,379,0.195268,0.929688
380,1,380,0.213526,0.960938
381,1,381,0.178178,0.968750
382,1,382,0.247820,0.921875
383,1,383,0.195837,0.953125
384,1,384,0.133463,0.968750
385,1,385,0.115629,0.968750
386,1,386,0.277964,0.921875
387,1,387,0.258195,0.914062
388,1,388,0.329325,0.929688
389,1,389,0.216829,0.937500
390,1,390,0.270950,0.937500
391,1,391,0.266923,0.945312
392,1,392,0.204985,0.929688
393,1,393,0.169074,0.953125
394,1,394,0.179451,0.968750
395,1,395,0.252035,0.921875
396,1,396,0.243952,0.914062
397,1,397,0.159146,0.945312
398,1,398,0.132537,0.960938
399,1,399,0.179516,0.960938
400,1,400,0.107882,0.976562
401,1,401,0.180657,0.953125
402,1,402,0.196916,0.945312
403,1,403,0.247685,0.921875
404,1,404,0.165943,0.953125
405,1,405,0.326737,0.875000
406,1,406,0.171236,0.921875
407,1,407,0.133789,0.960938
408,1,408,0.129981,0.953125
409,1,409,0.193897,0.945312
410,1,410,0.147035,0.960938
411,1,411,0.145403,0.945312
412,1,412,0.263408,0.921875
413,1,413,0.212581,0.937500
414,1,414,0.165123,0.953125
415,1,415,0.200620,0.929688
416,1,416,0.157423,0.953125
417,1,417,0.218536,0.953125
418,1,418,0.125744,0.960938
419,1,419,0.094561,0.984375
420,1,420,0.096764,0.976562
421,1,421,0.216070,0.937500
422,1,422,0.222584,0.929688
423,1,423,0.204681,0.937500
424,1,424,0.197744,0.945312
425,1,425,0.155134,0.960938
426,1,426,0.129248,0.945312
427,1,427,0.133440,0.968750
428,1,428,0.187820,0.937500
429,1,429,0.126677,0.945312
430,1,430,0.179160,0.945312
431,1,431,0.177259,0.953125
432,1,432,0.170142,0.921875
433,1,433,0.262003,0.937500
434,1,434,0.146111,0.960938
435,1,435,0.165669,0.968750
436,1,436,0.178730,0.960938
437,1,437,0.244621,0.914062
438,1,438,0.183043,0.953125
439,1,439,0.262146,0.898438
440,1,440,0.198095,0.953125
441,1,441,0.146916,0.953125
442,1,442,0.154905,0.953125
443,1,443,0.165368,0.960938
444,1,444,0.115936,0.960938
445,1,445,0.259919,0.937500
446,1,446,0.148089,0.953125
447,1,447,0.196634,0.945312
448,1,448,0.271723,0.898438
449,1,449,0.197673,0.937500
450,1,450,0.148382,0.945312
451,1,451,0.224664,0.929688
452,1,452,0.172384,0.953125
453,1,453,0.237473,0.929688
454,1,454,0.187905,0.960938
455,1,455,0.138990,0.968750
456,1,456,0.298368,0.890625
457,1,457,0.152139,0.968750
458,1,458,0.222227,0.937500
459,1,459,0.160386,0.953125
460,1,460,0.113588,0.976562
461,1,461,0.250576,0.937500
462,1,462,0.187204,0.929688
463,1,463,0.276637,0.914062
464,1,464,0.200342,0.937500
465,1,465,0.122553,0.968750
466,1,466,0.229895,0.945312
467,1,467,0.202995,0.937500
468,1,468,0.168077,0.945312
469,1,469,0.138025,0.968750
470,2,1,0.139693,0.960938
471,2,2,0.149973,0.960938
472,2,3,0.170147,0.960938
473,2,4,0.174398,0.953125
474,2,5,0.138018,0.976562
475,2,6,0.133270,0.960938
476,2,7,0.110802,0.968750
477,2,8,0.268827,0.937500
478,2,9,0.117948,0.976562
479,2,10,0.094582,0.984375
480,2,11,0.120823,0.968750
481,2,12,0.269732,0.914062
482,2,13,0.178631,0.953125
483,2,14,0.070136,0.992188
484,2,15,0.090660,0.968750
485,2,16,0.120281,0.960938
486,2,17,0.156761,0.953125
487,2,18,0.124959,0.960938
488,2,19,0.163011,0.953125
489,2,20,0.174940,0.976562
490,2,21,0.133468,0.945312
491,2,22,0.072543,0.984375
492,2,23,0.153149,0.960938
493,2,24,0.110324,0.976562
494,2,25,0.181561,0.953125
495,2,26,0.086709,0.968750
496,2,27,0.119146,0.960938
497,2,28,0.131037,0.960938
498,2,29,0.102372,0.976562
499,2,30,0.117682,0.960938
500,2,31,0.177522,0.953125
501,2,32,0.172189,0.945312
502,2,33,0.185175,0.945312
503,2,34,0.181006,0.945312
504,2,35,0.257189,0.937500
505,2,36,0.099042,0.968750
506,2,37,0.082776,0.960938
507,2,38,0.144470,0.945312
508,2,39,0.129329,0.953125
509,2,40,0.085604,0.976562
510,2,41,0.113314,0.960938
511,2,42,0.101538,0.976562
512,2,43,0.158666,0.960938
513,2,44,0.110306,0.960938
514,2,45,0.144748,0.968750
515,2,46,0.212516,0.945312
516,2,47,0.107427,0.953125
517,2,48,0.136638,0.953125
518,2,49,0.111609,0.968750
519,2,50,0.173247,0.945312
520,2,51,0.119167,0.953125
521,2,52,0.116756,0.960938
522,2,53,0.108670,0.960938
523,2,54,0.117473,0.968750
524,2,55,0.182974,0.945312
525,2,56,0.165591,0.953125
526,2,57,0.108428,0.953125
527,2,58,0.216455,0.929688
528,2,59,0.189650,0.937500
529,2,60,0.227923,0.960938
530,2,61,0.169674,0.953125
531,2,62,0.219816,0.914062
532,2,63,0.087846,0.960938
533,2,64,0.100793,0.968750
534,2,65,0.173875,0.953125
535,2,66,0.093192,0.945312
536,2,67,0.195266,0.937500
537,2,68,0.058711,0.984375
538,2,69,0.098559,0.976562
539,2,70,0.126355,0.968750
540,2,71,0.123203,0.960938
541,2,72,0.177498,0.953125
542,2,73,0.109506,0.984375
543,2,74,0.075204,0.984375
544,2,75,0.094479,0.968750
545,2,76,0.159985,0.945312
546,2,77,0.109560,0.953125
547,2,78,0.149389,0.976562
548,2,79,0.106585,0.960938
549,2,80,0.093261,0.984375
550,2,81,0.173099,0.945312
551,2,82,0.063527,0.992188
552,2,83,0.086885,0.984375
553,2,84,0.127107,0.968750
554,2,85,0.126044,0.960938
555,2,86,0.133075,0.953125
556,2,87,0.106278,0.968750
557,2,88,0.238488,0.929688
558,2,89,0.118609,0.968750
559,2,90,0.095858,0.960938
560,2,91,0.110056,0.937500
561,2,92,0.124902,0.937500
562,2,93,0.182168,0.929688
563,2,94,0.191726,0.929688
564,2,95,0.203956,0.945312
565,2,96,0.092312,0.968750
566,2,97,0.080031,0.992188
567,2,98,0.204980,0.960938
568,2,99,0.241006,0.914062
569,2,100,0.183988,0.937500
570,2,101,0.101543,0.976562
571,2,102,0.183884,0.960938
572,2,103,0.161451,0.953125
573,2,104,0.196978,0.945312
574,2,105,0.112795,0.968750
575,2,106,0.189842,0.921875
576,2,107,0.085112,0.968750
577,2,108,0.146526,0.960938
578,2,109,0.167091,0.945312
579,2,110,0.102126,0.968750
580,2,111,0.152450,0.937500
581,2,112,0.175353,0.953125
582,2,113,0.186543,0.921875
583,2,114,0.149172,0.953125
584,2,115,0.123104,0.953125
585,2,116,0.169281,0.914062
586,2,117,0.151090,0.960938
587,2,118,0.239411,0.937500
588,2,119,0.121068,0.960938
589,2,120,0.161939,0.953125
590,2,121,0.101819,0.968750
591,2,122,0.073531,0.976562
592,2,123,0.133366,0.976562
593,2,124,0.127145,0.960938
594,2,125,0.093816,0.960938
595,2,126,0.126021,0.945312
596,2,127,0.266465,0.921875
597,2,128,0.225281,0.953125
598,2,129,0.108565,0.984375
599,2,130,0.170930,0.937500
600,2,131,0.084791,0.968750
601,2,132,0.312589,0.929688
602,2,133,0.109846,0.976562
603,2,134,0.111629,0.976562
604,2,135,0.173432,0.953125
605,2,136,0.095195,0.984375
606,2,137,0.146351,0.953125
607,2,138,0.185495,0.953125
608,2,139,0.162909,0.953125
609,2,140,0.175898,0.937500
610,2,141,0.170362,0.945312
611,2,142,0.124429,0.953125
612,2,143,0.170873,0.968750
613,2,144,0.126284,0.960938
614,2,145,0.111366,0.976562
615,2,146,0.201312,0.937500
616,2,147,0.097602,0.976562
617,2,148,0.142228,0.960938
618,2,149,0.147626,0.945312
619,2,150,0.152995,0.945312
620,2,151,0.184295,0.953125
621,2,152,0.142974,0.960938
622,2,153,0.121940,0.984375
623,2,154,0.138159,0.929688
624,2,155,0.177913,0.953125
625,2,156,0.113494,0.960938
626,2,157,0.187520,0.929688
627,2,158,0.173860,0.945312
628,2,159,0.086906,0.976562
629,2,160,0.204072,0.968750
630,2,161,0.082499,0.968750
631,2,162,0.123194,0.968750
632,2,163,0.152499,0.945312
633,2,164,0.079939,0.984375
634,2,165,0.145275,0.953125
635,2,166,0.223512,0.953125
636,2,167,0.099519,0.968750
637,2,168,0.105454,0.976562
638,2,169,0.156606,0.945312
639,2,170,0.070526,0.984375
640,2,171,0.142912,0.976562
641,2,172,0.085936,0.968750
642,2,173,0.114520,0.976562
643,2,174,0.122464,0.960938
644,2,175,0.135428,0.945312
645,2,176,0.263707,0.906250
646,2,177,0.127532,0.953125
647,2,178,0.115651,0.953125
648,2,179,0.167941,0.937500
649,2,180,0.074779,0.968750
650,2,181,0.132578,0.960938
651,2,182,0.120760,0.953125
652,2,183,0.080898,0.976562
653,2,184,0.134997,0.968750
654,2,185,0.140360,0.945312
655,2,186,0.137500,0.968750
656,2,187,0.256757,0.914062
657,2,188,0.148305,0.960938
658,2,189,0.142097,0.960938
659,2,190,0.162323,0.945312
660,2,191,0.064801,0.976562
661,2,192,0.078860,0.984375
662,2,193,0.120405,0.960938
663,2,194,0.068743,0.992188
664,2,195,0.060137,0.992188
665,2,196,0.109972,0.945312
666,2,197,0.128777,0.953125
667,2,198,0.098177,0.976562
668,2,199,0.121484,0.968750
669,2,200,0.165203,0.953125
670,2,201,0.171923,0.976562
671,2,202,0.082180,0.984375
672,2,203,0.142184,0.945312
673,2,204,0.096676,0.960938
674,2,205,0.052485,0.992188
675,2,206,0.079846,0.960938
676,2,207,0.123313,0.968750
677,2,208,0.159273,0.976562
678,2,209,0.169441,0.921875
679,2,210,0.160438,0.976562
680,2,211,0.146471,0.960938
681,2,212,0.126069,0.968750
682,2,213,0.182051,0.960938
683,2,214,0.135064,0.968750
684,2,215,0.150097,0.960938
685,2,216,0.103412,0.976562
686,2,217,0.129854,0.945312
687,2,218,0.162102,0.945312
688,2,219,0.082174,0.976562
689,2,220,0.193247,0.945312
690,2,221,0.074383,0.976562
691,2,222,0.092096,0.984375
692,2,223,0.136892,0.953125
693,2,224,0.092333,0.960938
694,2,225,0.143576,0.953125
695,2,226,0.213445,0.937500
696,2,227,0.222119,0.929688
697,2,228,0.163083,0.968750
698,2,229,0.082450,0.976562
699,2,230,0.081563,0.984375
700,2,231,0.113945,0.976562
701,2,232,0.152220,0.953125
702,2,233,0.205038,0.945312
703,2,234,0.154497,0.937500
704,2,235,0.137385,0.945312
705,2,236,0.109536,0.953125
706,2,237,0.228856,0.929688
707,2,238,0.173362,0.968750
708,2,239,0.198546,0.968750
709,2,240,0.162242,0.937500
710,2,241,0.085376,0.984375
711,2,242,0.126497,0.960938
712,2,243,0.175068,0.953125
713,2,244,0.080385,0.976562
714,2,245,0.136083,0.937500
715,2,246,0.082194,0.976562
716,2,247,0.090679,0.984375
717,2,248,0.132965,0.960938
718,2,249,0.146701,0.953125
719,2,250,0.068422,0.984375
720,2,251,0.108049,0.953125
721,2,252,0.129933,0.960938
722,2,253,0.107801,0.960938
723,2,254,0.149454,0.953125
724,2,255,0.107022,0.960938
725,2,256,0.182984,0.953125
726,2,257,0.139156,0.960938
727,2,258,0.175586,0.960938
728,2,259,0.114962,0.976562
729,2,260,0.112827,0.968750
730,2,261,0.150815,0.960938
731,2,262,0.073216,0.992188
732,2,263,0.084609,0.984375
733,2,264,0.093104,0.984375
734,2,265,0.143049,0.937500
735,2,266,0.098623,0.968750
736,2,267,0.116132,0.968750
737,2,268,0.125808,0.968750
738,2,269,0.113351,0.984375
739,2,270,0.183430,0.953125
740,2,271,0.126243,0.968750
741,2,272,0.102062,0.968750
742,2,273,0.095682,0.976562
743,2,274,0.115729,0.960938
744,2,275,0.117566,0.968750
745,2,276,0.090654,0.976562
746,2,277,0.096242,0.992188
747,2,278,0.079887,0.976562
748,2,279,0.094030,0.968750
749,2,280,0.070569,0.984375
750,2,281,0.120626,0.960938
751,2,282,0.097894,0.976562
752,2,283,0.127182,0.968750
753,2,284,0.089878,0.976562
754,2,285,0.114571,0.960938
755,2,286,0.112346,0.960938
756,2,287,0.103862,0.976562
757,2,288,0.113241,0.976562
758,2,289,0.143647,0.960938
759,2,290,0.070022,0.984375
760,2,291,0.084396,0.968750
761,2,292,0.202860,0.945312
762,2,293,0.080150,0.976562
763,2,294,0.066490,0.992188
764,2,295,0.146625,0.968750
765,2,296,0.195330,0.953125
766,2,297,0.149079,0.976562
767,2,298,0.097983,0.976562
768,2,299,0.078346,0.976562
769,2,300,0.136528,0.968750
770,2,301,0.099954,0.960938
771,2,302,0.179566,0.960938
772,2,303,0.190481,0.937500
773,2,304,0.106845,0.984375
774,2,305,0.109123,0.968750
775,2,306,0.144905,0.953125
776,2,307,0.138837,0.937500
777,2,308,0.127138,0.960938
778,2,309,0.097567,0.960938
779,2,310,0.134023,0.968750
780,2,311,0.108802,0.968750
781,2,312,0.085467,0.968750
782,2,313,0.126475,0.968750
783,2,314,0.167590,0.945312
784,2,315,0.130017,0.960938
785,2,316,0.075431,0.984375
786,2,317,0.180085,0.921875
787,2,318,0.133684,0.953125
788,2,319,0.185970,0.960938
789,2,320,0.122179,0.953125
790,2,321,0.093351,0.953125
791,2,322,0.184724,0.953125
792,2,323,0.102318,0.976562
793,2,324,0.140550,0.968750
794,2,325,0.156687,0.960938
795,2,326,0.084304,0.976562
796,2,327,0.122024,0.976562
797,2,328,0.214966,0.945312
798,2,329,0.113959,0.976562
799,2,330,0.090260,0.976562
800,2,331,0.107295,0.945312
801,2,332,0.166270,0.953125
802,2,333,0.061895,0.984375
803,2,334,0.111108,0.968750
804,2,335,0.121177,0.968750
805,2,336,0.094422,0.976562
806,2,337,0.103793,0.976562
807,2,338,0.128811,0.960938
808,2,339,0.166799,0.953125
809,2,340,0.070933,0.976562
810,2,341,0.096000,0.960938
811,2,342,0.147874,0.953125
812,2,343,0.115866,0.968750
813,2,344,0.055287,0.976562
814,2,345,0.162827,0.953125
815,2,346,0.122045,0.968750
816,2,347,0.107033,0.968750
817,2,348,0.151295,0.960938
818,2,349,0.067776,0.968750
819,2,350,0.076162,0.976562
820,2,351,0.124722,0.945312
821,2,352,0.093150,0.968750
822,2,353,0.129613,0.960938
823,2,354,0.142749,0.953125
824,2,355,0.081775,0.984375
825,2,356,0.101007,0.984375
826,2,357,0.067446,0.976562
827,2,358,0.100529,0.968750
828,2,359,0.183068,0.937500
829,2,360,0.083827,0.976562
830,2,361,0.071457,0.984375
831,2,362,0.094414,0.968750
832,2,363,0.038223,0.992188
833,2,364,0.172871,0.953125
834,2,365,0.147139,0.953125
835,2,366,0.090389,0.968750
836,2,367,0.085416,0.976562
837,2,368,0.132888,0.968750
838,2,369,0.070951,0.976562
839,2,370,0.057834,0.992188
840,2,371,0.027680,0.992188
841,2,372,0.164881,0.968750
842,2,373,0.098135,0.976562
843,2,374,0.146338,0.960938
844,2,375,0.061991,0.984375
845,2,376,0.079037,0.976562
846,2,377,0.143565,0.953125
847,2,378,0.108672,0.968750
848,2,379,0.174555,0.945312
849,2,380,0.134146,0.976562
850,2,381,0.129864,0.960938
851,2,382,0.087628,0.976562
852,2,383,0.136543,0.960938
853,2,384,0.114199,0.953125
854,2,385,0.099715,0.976562
855,2,386,0.113618,0.976562
856,2,387,0.180661,0.929688
857,2,388,0.216595,0.945312
858,2,389,0.111334,0.976562
859,2,390,0.089418,0.976562
860,2,391,0.102793,0.976562
861,2,392,0.153658,0.953125
862,2,393,0.057545,0.976562
863,2,394,0.033032,0.992188
864,2,395,0.128833,0.953125
865,2,396,0.089937,0.976562
866,2,397,0.112152,0.960938
867,2,398,0.065699,1.000000
868,2,399,0.133152,0.968750
869,2,400,0.139764,0.960938
870,2,401,0.062116,0.992188
871,2,402,0.071353,0.968750
872,2,403,0.065934,0.976562
873,2,404,0.112970,0.960938
874,2,405,0.254702,0.945312
875,2,406,0.112669,0.960938
876,2,407,0.110501,0.968750
877,2,408,0.072029,0.984375
878,2,409,0.116621,0.960938
879,2,410,0.046465,1.000000
880,2,411,0.112428,0.960938
881,2,412,0.130284,0.953125
882,2,413,0.075170,0.968750
883,2,414,0.087570,0.968750
884,2,415,0.125635,0.945312
885,2,416,0.101092,0.945312
886,2,417,0.066043,0.976562
887,2,418,0.072386,0.984375
888,2,419,0.130336,0.976562
889,2,420,0.122772,0.960938
890,2,421,0.054857,0.984375
891,2,422,0.120866,0.968750
892,2,423,0.170783,0.953125
893,2,424,0.114825,0.953125
894,2,425,0.113344,0.976562
895,2,426,0.170791,0.968750
896,2,427,0.112713,0.976562
897,2,428,0.116510,0.953125
898,2,429,0.096140,0.968750
899,2,430,0.060459,0.992188
900,2,431,0.054199,0.984375
901,2,432,0.137706,0.968750
902,2,433,0.050937,1.000000
903,2,434,0.240677,0.921875
904,2,435,0.084280,0.976562
905,2,436,0.220120,0.945312
906,2,437,0.158453,0.953125
907,2,438,0.154092,0.960938
908,2,439,0.073418,0.984375
909,2,440,0.052703,0.992188
910,2,441,0.094187,0.968750
911,2,442,0.156549,0.960938
912,2,443,0.042568,0.976562
913,2,444,0.074589,0.968750
914,2,445,0.101613,0.984375
915,2,446,0.061081,0.976562
916,2,447,0.107734,0.968750
917,2,448,0.096120,0.976562
918,2,449,0.169137,0.953125
919,2,450,0.090638,0.953125
920,2,451,0.082093,0.960938
921,2,452,0.092422,0.976562
922,2,453,0.165711,0.953125
923,2,454,0.120295,0.960938
924,2,455,0.061089,0.992188
925,2,456,0.100421,0.968750
926,2,457,0.103162,0.968750
927,2,458,0.077465,0.984375
928,2,459,0.148591,0.968750
929,2,460,0.123826,0.953125
930,2,461,0.111157,0.960938
931,2,462,0.158572,0.945312
932,2,463,0.044734,1.000000
933,2,464,0.145606,0.960938
934,2,465,0.129726,0.968750
935,2,466,0.115664,0.968750
936,2,467,0.149718,0.960938
937,2,468,0.095221,0.968750
938,2,469,0.054494,0.979167
939,3,1,0.096520,0.968750
940,3,2,0.049213,0.976562
941,3,3,0.084957,0.960938
942,3,4,0.093465,0.960938
943,3,5,0.148743,0.953125
944,3,6,0.091701,0.976562
945,3,7,0.193812,0.945312
946,3,8,0.059151,0.976562
947,3,9,0.082666,0.968750
948,3,10,0.072135,0.968750
949,3,11,0.137672,0.968750
950,3,12,0.049709,0.992188
951,3,13,0.100638,0.976562
952,3,14,0.110870,0.984375
953,3,15,0.152822,0.945312
954,3,16,0.068321,0.984375
955,3,17,0.050123,0.984375
956,3,18,0.078820,0.976562
957,3,19,0.103393,0.960938
958,3,20,0.121512,0.960938
959,3,21,0.049066,0.992188
960,3,22,0.191249,0.953125
961,3,23,0.072528,0.976562
962,3,24,0.061309,0.992188
963,3,25,0.258235,0.929688
964,3,26,0.196507,0.953125
965,3,27,0.193257,0.960938
966,3,28,0.067863,0.984375
967,3,29,0.052219,0.992188
968,3,30,0.084369,0.968750
969,3,31,0.046139,0.984375
970,3,32,0.124563,0.968750
971,3,33,0.114650,0.960938
972,3,34,0.032795,1.000000
973,3,35,0.059844,0.984375
974,3,36,0.092939,0.968750
975,3,37,0.068896,0.976562
976,3,38,0.077253,0.984375
977,3,39,0.054346,0.984375
978,3,40,0.083194,0.976562
979,3,41,0.068617,0.968750
980,3,42,0.053610,0.992188
981,3,43,0.059922,0.992188
982,3,44,0.075859,0.984375
983,3,45,0.048846,0.984375
984,3,46,0.101997,0.968750
985,3,47,0.064641,0.984375
986,3,48,0.048947,0.984375
987,3,49,0.079770,0.968750
988,3,50,0.075756,0.968750
989,3,51,0.086345,0.960938
990,3,52,0.048306,0.992188
991,3,53,0.084667,0.960938
992,3,54,0.133387,0.960938
993,3,55,0.051232,0.984375
994,3,56,0.056701,0.976562
995,3,57,0.081348,0.968750
996,3,58,0.088663,0.976562
997,3,59,0.085013,0.984375
998,3,60,0.070327,0.984375
999,3,61,0.069946,0.968750
1000,3,62,0.129410,0.968750
1001,3,63,0.069017,0.968750
1002,3,64,0.083477,0.992188
1003,3,65,0.045632,0.992188
1004,3,66,0.042776,0.976562
1005,3,67,0.037129,1.000000
1006,3,68,0.054132,0.984375
1007,3,69,0.103279,0.968750
1008,3,70,0.026424,0.992188
1009,3,71,0.097642,0.960938
1010,3,72,0.073995,0.960938
1011,3,73,0.092770,0.960938
1012,3,74,0.122165,0.945312
1013,3,75,0.131698,0.960938
1014,3,76,0.200957,0.968750
1015,3,77,0.089680,0.976562
1016,3,78,0.051603,0.984375
1017,3,79,0.177848,0.960938
1018,3,80,0.118842,0.968750
1019,3,81,0.071067,0.984375
1020,3,82,0.086240,0.984375
1021,3,83,0.058194,0.984375
1022,3,84,0.087865,0.953125
1023,3,85,0.113107,0.960938
1024,3,86,0.070892,0.976562
1025,3,87,0.097359,0.960938
1026,3,88,0.066768,0.976562
1027,3,89,0.084514,0.968750
1028,3,90,0.112292,0.960938
1029,3,91,0.157285,0.976562
1030,3,92,0.031781,1.000000
1031,3,93,0.087808,0.968750
1032,3,94,0.070313,0.968750
1033,3,95,0.121656,0.960938
1034,3,96,0.081943,0.976562
1035,3,97,0.127881,0.937500
1036,3,98,0.050568,0.976562
1037,3,99,0.098769,0.984375
1038,3,100,0.180640,0.953125
1039,3,101,0.074054,0.976562
1040,3,102,0.152833,0.960938
1041,3,103,0.068331,0.976562
1042,3,104,0.116438,0.976562
1043,3,105,0.027294,1.000000
1044,3,106,0.048652,0.984375
1045,3,107,0.058483,0.984375
1046,3,108,0.101939,0.953125
1047,3,109,0.054093,0.984375
1048,3,110,0.050222,0.992188
1049,3,111,0.085567,0.968750
1050,3,112,0.037396,1.000000
1051,3,113,0.136999,0.945312
1052,3,114,0.118155,0.953125
1053,3,115,0.130666,0.945312
1054,3,116,0.095431,0.968750
1055,3,117,0.043074,1.000000
1056,3,118,0.044063,0.992188
1057,3,119,0.065232,0.984375
1058,3,120,0.082333,0.968750
1059,3,121,0.117188,0.968750
1060,3,122,0.068436,0.984375
1061,3,123,0.068245,0.976562
1062,3,124,0.074986,0.984375
1063,3,125,0.038256,0.992188
1064,3,126,0.069987,0.984375
1065,3,127,0.069953,0.976562
1066,3,128,0.160817,0.953125
1067,3,129,0.080669,0.968750
1068,3,130,0.071571,0.976562
1069,3,131,0.139527,0.953125
1070,3,132,0.040347,0.992188
1071,3,133,0.153726,0.960938
1072,3,134,0.141159,0.953125
1073,3,135,0.105708,0.945312
1074,3,136,0.123223,0.976562
1075,3,137,0.078777,0.976562
1076,3,138,0.143027,0.960938
1077,3,139,0.076943,0.960938
1078,3,140,0.131499,0.968750
1079,3,141,0.076318,0.968750
1080,3,142,0.066288,0.968750
1081,3,143,0.044777,1.000000
1082,3,144,0.116838,0.960938
1083,3,145,0.052332,0.992188
1084,3,146,0.064591,0.976562
1085,3,147,0.077352,0.984375
1086,3,148,0.055749,0.984375
1087,3,149,0.120525,0.976562
1088,3,150,0.082117,0.992188
1089,3,151,0.169557,0.960938
1090,3,152,0.109124,0.960938
1091,3,153,0.054446,0.976562
1092,3,154,0.068725,0.984375
1093,3,155,0.041802,0.992188
1094,3,156,0.079397,0.960938
1095,3,157,0.038160,0.984375
1096,3,158,0.085126,0.960938
1097,3,159,0.096123,0.960938
1098,3,160,0.076918,0.984375
1099,3,161,0.105631,0.960938
1100,3,162,0.079680,0.968750
1101,3,163,0.156365,0.976562
1102,3,164,0.068063,0.976562
1103,3,165,0.098979,0.960938
1104,3,166,0.099045,0.968750
1105,3,167,0.062118,0.984375
1106,3,168,0.034928,0.992188
1107,3,169,0.126313,0.968750
1108,3,170,0.150673,0.937500
1109,3,171,0.095133,0.968750
1110,3,172,0.048658,0.984375
1111,3,173,0.118140,0.968750
1112,3,174,0.073794,0.984375
1113,3,175,0.074670,0.984375
1114,3,176,0.020079,1.000000
1115,3,177,0.106147,0.960938
1116,3,178,0.161229,0.953125
1117,3,179,0.051821,0.984375
1118,3,180,0.057088,0.976562
1119,3,181,0.158626,0.953125
1120,3,182,0.088074,0.968750
1121,3,183,0.106209,0.968750
1122,3,184,0.130604,0.960938
1123,3,185,0.063012,0.976562
1124,3,186,0.031209,0.992188
1125,3,187,0.076141,0.976562
1126,3,188,0.093525,0.968750
1127,3,189,0.124858,0.968750
1128,3,190,0.038898,0.992188
1129,3,191,0.048621,0.984375
1130,3,192,0.067757,0.976562
1131,3,193,0.045181,0.984375
1132,3,194,0.065532,0.992188
1133,3,195,0.051991,0.992188
1134,3,196,0.049626,0.984375
1135,3,197,0.094883,0.976562
1136,3,198,0.084673,0.968750
1137,3,199,0.042314,1.000000
1138,3,200,0.103080,0.976562
1139,3,201,0.090662,0.976562
1140,3,202,0.081100,0.984375
1141,3,203,0.056524,0.984375
1142,3,204,0.046105,0.984375
1143,3,205,0.057586,0.984375
1144,3,206,0.061013,0.976562
1145,3,207,0.098216,0.976562
1146,3,208,0.045278,0.984375
1147,3,209,0.037388,1.000000
1148,3,210,0.101142,0.976562
1149,3,211,0.073771,0.984375
1150,3,212,0.102807,0.968750
1151,3,213,0.045850,0.992188
1152,3,214,0.142434,0.984375
1153,3,215,0.068483,0.992188
1154,3,216,0.080196,0.976562
1155,3,217,0.051439,0.984375
1156,3,218,0.027917,0.992188
1157,3,219,0.059756,0.984375
1158,3,220,0.049806,0.992188
1159,3,221,0.141504,0.960938
1160,3,222,0.043579,0.984375
1161,3,223,0.081821,0.968750
1162,3,224,0.090991,0.984375
1163,3,225,0.106038,0.968750
1164,3,226,0.053349,0.984375
1165,3,227,0.039166,0.992188
1166,3,228,0.116293,0.960938
1167,3,229,0.068674,0.976562
1168,3,230,0.078307,0.976562
1169,3,231,0.084131,0.968750
1170,3,232,0.135234,0.960938
1171,3,233,0.035499,0.992188
1172,3,234,0.198805,0.945312
1173,3,235,0.068811,0.968750
1174,3,236,0.078588,0.984375
1175,3,237,0.049949,0.992188
1176,3,238,0.062017,0.992188
1177,3,239,0.080097,0.968750
1178,3,240,0.062600,0.968750
1179,3,241,0.132367,0.953125
1180,3,242,0.136138,0.968750
1181,3,243,0.176148,0.960938
1182,3,244,0.058388,0.992188
1183,3,245,0.045072,0.992188
1184,3,246,0.081981,0.976562
1185,3,247,0.065947,0.984375
1186,3,248,0.118563,0.968750
1187,3,249,0.112346,0.976562
1188,3,250,0.051762,0.984375
1189,3,251,0.069752,0.976562
1190,3,252,0.074732,0.976562
1191,3,253,0.120989,0.953125
1192,3,254,0.065416,0.984375
1193,3,255,0.036327,0.992188
1194,3,256,0.139741,0.968750
1195,3,257,0.106669,0.960938
1196,3,258,0.086847,0.976562
1197,3,259,0.097148,0.984375
1198,3,260,0.137300,0.953125
1199,3,261,0.099818,0.968750
1200,3,262,0.073947,0.976562
1201,3,263,0.085630,0.984375
1202,3,264,0.134594,0.953125
1203,3,265,0.094069,0.976562
1204,3,266,0.100779,0.968750
1205,3,267,0.081443,0.984375
1206,3,268,0.078608,0.960938
1207,3,269,0.078404,0.968750
1208,3,270,0.073287,0.976562
1209,3,271,0.085813,0.968750
1210,3,272,0.095958,0.968750
1211,3,273,0.123525,0.984375
1212,3,274,0.097034,0.960938
1213,3,275,0.038832,0.984375
1214,3,276,0.068691,0.976562
1215,3,277,0.040192,0.992188
1216,3,278,0.113849,0.968750
1217,3,279,0.073416,0.976562
1218,3,280,0.056490,0.984375
1219,3,281,0.116229,0.984375
1220,3,282,0.164290,0.953125
1221,3,283,0.026883,1.000000
1222,3,284,0.100675,0.968750
1223,3,285,0.100709,0.968750
1224,3,286,0.074217,0.976562
1225,3,287,0.052065,0.992188
1226,3,288,0.116142,0.945312
1227,3,289,0.154854,0.960938
1228,3,290,0.108321,0.945312
1229,3,291,0.071239,0.968750
1230,3,292,0.077534,0.976562
1231,3,293,0.129679,0.960938
1232,3,294,0.056129,0.976562
1233,3,295,0.057036,0.984375
1234,3,296,0.063837,0.992188
1235,3,297,0.035340,0.984375
1236,3,298,0.049455,0.992188
1237,3,299,0.048152,0.976562
1238,3,300,0.077229,0.976562
1239,3,301,0.117694,0.960938
1240,3,302,0.115475,0.976562
1241,3,303,0.038929,0.984375
1242,3,304,0.063037,0.984375
1243,3,305,0.153064,0.976562
1244,3,306,0.065892,0.984375
1245,3,307,0.052293,0.992188
1246,3,308,0.024738,1.000000
1247,3,309,0.034481,0.992188
1248,3,310,0.068231,0.976562
1249,3,311,0.103944,0.945312
1250,3,312,0.137591,0.953125
1251,3,313,0.049499,0.992188
1252,3,314,0.053399,0.992188
1253,3,315,0.112800,0.953125
1254,3,316,0.077957,0.968750
1255,3,317,0.074146,0.976562
1256,3,318,0.108087,0.968750
1257,3,319,0.056120,0.984375
1258,3,320,0.052410,0.976562
1259,3,321,0.036015,0.992188
1260,3,322,0.106901,0.953125
1261,3,323,0.155305,0.960938
1262,3,324,0.098951,0.960938
1263,3,325,0.048386,0.984375
1264,3,326,0.103859,0.976562
1265,3,327,0.059733,0.984375
1266,3,328,0.088622,0.976562
1267,3,329,0.068904,0.968750
1268,3,330,0.100480,0.976562
1269,3,331,0.124497,0.968750
1270,3,332,0.070813,0.976562
1271,3,333,0.066024,0.968750
1272,3,334,0.075904,0.976562
1273,3,335,0.142375,0.976562
1274,3,336,0.036436,0.984375
1275,3,337,0.098068,0.960938
1276,3,338,0.039595,1.000000
1277,3,339,0.112583,0.976562
1278,3,340,0.102824,0.968750
1279,3,341,0.151101,0.960938
1280,3,342,0.159877,0.960938
1281,3,343,0.130736,0.976562
1282,3,344,0.114728,0.968750
1283,3,345,0.073195,0.976562
1284,3,346,0.046406,0.984375
1285,3,347,0.037296,0.992188
1286,3,348,0.063900,0.984375
1287,3,349,0.102075,0.945312
1288,3,350,0.013655,1.000000
1289,3,351,0.045019,0.984375
1290,3,352,0.092242,0.968750
1291,3,353,0.042367,0.992188
1292,3,354,0.085491,0.976562
1293,3,355,0.171502,0.953125
1294,3,356,0.193399,0.953125
1295,3,357,0.042729,0.984375
1296,3,358,0.056498,0.984375
1297,3,359,0.053787,0.976562
1298,3,360,0.094358,0.968750
1299,3,361,0.056263,0.976562
1300,3,362,0.027985,1.000000
1301,3,363,0.138792,0.976562
1302,3,364,0.047347,0.984375
1303,3,365,0.114335,0.968750
1304,3,366,0.044581,0.984375
1305,3,367,0.118601,0.968750
1306,3,368,0.064329,0.992188
1307,3,369,0.079490,0.976562
1308,3,370,0.063803,0.976562
1309,3,371,0.149466,0.937500
1310,3,372,0.058790,0.984375
1311,3,373,0.141884,0.968750
1312,3,374,0.035522,0.992188
1313,3,375,0.095567,0.968750
1314,3,376,0.061904,0.968750
1315,3,377,0.067454,0.976562
1316,3,378,0.076800,0.976562
1317,3,379,0.160666,0.945312
1318,3,380,0.063443,0.984375
1319,3,381,0.178031,0.953125
1320,3,382,0.078931,0.976562
1321,3,383,0.094473,0.968750
1322,3,384,0.089831,0.960938
1323,3,385,0.089100,0.968750
1324,3,386,0.127448,0.976562
1325,3,387,0.042026,0.992188
1326,3,388,0.094381,0.968750
1327,3,389,0.056853,0.976562
1328,3,390,0.058832,0.984375
1329,3,391,0.080715,0.976562
1330,3,392,0.092264,0.968750
1331,3,393,0.065895,0.984375
1332,3,394,0.086217,0.968750
1333,3,395,0.099530,0.960938
1334,3,396,0.077669,0.976562
1335,3,397,0.073237,0.984375
1336,3,398,0.080282,0.976562
1337,3,399,0.095936,0.968750
1338,3,400,0.038418,0.992188
1339,3,401,0.086039,0.953125
1340,3,402,0.092717,0.968750
1341,3,403,0.119785,0.968750
1342,3,404,0.100598,0.960938
1343,3,405,0.086073,0.984375
1344,3,406,0.041164,0.992188
1345,3,407,0.043608,0.984375
1346,3,408,0.071567,0.976562
1347,3,409,0.103110,0.960938
1348,3,410,0.064251,0.984375
1349,3,411,0.086158,0.968750
1350,3,412,0.092732,0.953125
1351,3,413,0.053829,0.976562
1352,3,414,0.108212,0.984375
1353,3,415,0.074267,0.968750
1354,3,416,0.109766,0.976562
1355,3,417,0.172359,0.968750
1356,3,418,0.054589,0.984375
1357,3,419,0.144625,0.968750
1358,3,420,0.058814,0.968750
1359,3,421,0.051780,0.984375
1360,3,422,0.077023,0.960938
1361,3,423,0.102064,0.968750
1362,3,424,0.039973,0.992188
1363,3,425,0.060534,0.976562
1364,3,426,0.083169,0.976562
1365,3,427,0.066483,0.984375
1366,3,428,0.066632,0.976562
1367,3,429,0.186339,0.976562
1368,3,430,0.109170,0.968750
1369,3,431,0.053970,0.984375
1370,3,432,0.072182,0.984375
1371,3,433,0.100474,0.968750
1372,3,434,0.118503,0.968750
1373,3,435,0.104428,0.976562
1374,3,436,0.114466,0.984375
1375,3,437,0.072797,0.976562
1376,3,438,0.038009,0.984375
1377,3,439,0.049841,0.984375
1378,3,440,0.135922,0.953125
1379,3,441,0.025824,0.992188
1380,3,442,0.047914,0.984375
1381,3,443,0.069303,0.976562
1382,3,444,0.048208,0.984375
1383,3,445,0.063632,0.976562
1384,3,446,0.063467,0.984375
1385,3,447,0.028640,0.992188
1386,3,448,0.053530,0.976562
1387,3,449,0.069114,0.968750
1388,3,450,0.052348,0.984375
1389,3,451,0.039595,0.992188
1390,3,452,0.102897,0.960938
1391,3,453,0.080796,0.968750
1392,3,454,0.161220,0.960938
1393,3,455,0.077703,0.960938
1394,3,456,0.118975,0.945312
1395,3,457,0.060921,0.976562
1396,3,458,0.063003,0.984375
1397,3,459,0.160672,0.953125
1398,3,460,0.077179,0.976562
1399,3,461,0.077719,0.984375
1400,3,462,0.177134,0.945312
1401,3,463,0.020665,1.000000
1402,3,464,0.072819,0.992188
1403,3,465,0.024261,0.992188
1404,3,466,0.091901,0.953125
1405,3,467,0.039605,0.992188
1406,3,468,0.019581,1.000000
1407,3,469,0.041517,0.989583
